BL51 BANKED LINKER/LOCATER V6.22                                                        01/09/2019  15:12:36  PAGE 1


BL51 BANKED LINKER/LOCATER V6.22, INVOKED BY:
D:\PROGRAM FILES (X86)\KEIL\C51\BIN\BL51.EXE STARTUP.obj, .\main.obj, .\bin.obj, .\delay.obj, .\iic.obj, .\interrupt.obj
>> , .\spi.obj, .\chuankou.obj, .\flash.obj, .\huanjing.obj, .\led_key.obj, .\paint.obj, .\ruqing.obj, .\touch_main.obj,
>>  .\yaokong.obj, .\communicat.obj, .\dongtai.obj, .\cichang_hmc5883.obj, .\jiaosu_l3g4200.obj, .\jiasudu_adxl345.obj, 
>> .\phonebook.obj, .\font.obj, .\fontcheck.obj, .\tft.obj, .\touch.obj, .\txt.obj TO 18system_tft RAMSIZE (256)




PROGRAM RECURSIONS REMOVED FROM CALL TREE
=========================================
+--> ?PR?MAINTOUCH?TOUCH_MAIN
<--+ ?PR?PEIZHITOUCH?CHUANKOU



MEMORY MODEL: LARGE WITH FLOATING POINT ARITHMETIC


INPUT MODULES INCLUDED:
  STARTUP.obj (?C_STARTUP)
  .\main.obj (MAIN)
  .\bin.obj (BIN)
  .\delay.obj (DELAY)
  .\iic.obj (IIC)
  .\interrupt.obj (INTERRUPT)
  .\spi.obj (SPI)
  .\chuankou.obj (CHUANKOU)
  .\flash.obj (FLASH)
  .\huanjing.obj (HUANJING)
  .\led_key.obj (LED_KEY)
  .\paint.obj (PAINT)
  .\ruqing.obj (RUQING)
  .\touch_main.obj (TOUCH_MAIN)
  .\yaokong.obj (YAOKONG)
  .\communicat.obj (COMMUNICAT)
  .\dongtai.obj (DONGTAI)
  .\cichang_hmc5883.obj (CICHANG_HMC5883)
  .\jiaosu_l3g4200.obj (JIAOSU_L3G4200)
  .\jiasudu_adxl345.obj (JIASUDU_ADXL345)
  .\phonebook.obj (PHONEBOOK)
  .\font.obj (FONT)
  .\fontcheck.obj (FONTCHECK)
  .\tft.obj (TFT)
  .\touch.obj (TOUCH)
  .\txt.obj (TXT)
  D:\PROGRAM FILES (X86)\KEIL\C51\LIB\C51FPL.LIB (?C?FPADD)
  D:\PROGRAM FILES (X86)\KEIL\C51\LIB\C51FPL.LIB (?C?FPMUL)
  D:\PROGRAM FILES (X86)\KEIL\C51\LIB\C51FPL.LIB (?C?FPDIV)
  D:\PROGRAM FILES (X86)\KEIL\C51\LIB\C51FPL.LIB (?C?FPCMP)
  D:\PROGRAM FILES (X86)\KEIL\C51\LIB\C51FPL.LIB (?C?FCAST)
  D:\PROGRAM FILES (X86)\KEIL\C51\LIB\C51FPL.LIB (?C?CASTF)
  D:\PROGRAM FILES (X86)\KEIL\C51\LIB\C51FPL.LIB (PRINTF)
  D:\PROGRAM FILES (X86)\KEIL\C51\LIB\C51FPL.LIB (ATAN2)
  D:\PROGRAM FILES (X86)\KEIL\C51\LIB\C51FPL.LIB (?C?FPGETOPN)
  D:\PROGRAM FILES (X86)\KEIL\C51\LIB\C51FPL.LIB (?C?FPROUND)
  D:\PROGRAM FILES (X86)\KEIL\C51\LIB\C51FPL.LIB (?C?FPCONVERT)
  D:\PROGRAM FILES (X86)\KEIL\C51\LIB\C51FPL.LIB (ATAN)
BL51 BANKED LINKER/LOCATER V6.22                                                      01/09/2019  15:12:36  PAGE 2


  D:\PROGRAM FILES (X86)\KEIL\C51\LIB\C51FPL.LIB (?C?FTNPWR)
  D:\PROGRAM FILES (X86)\KEIL\C51\LIB\C51FPL.LIB (?C?FPSERIES)
  D:\PROGRAM FILES (X86)\KEIL\C51\LIB\C51L.LIB (?C_INIT)
  D:\PROGRAM FILES (X86)\KEIL\C51\LIB\C51L.LIB (?C?COPY)
  D:\PROGRAM FILES (X86)\KEIL\C51\LIB\C51L.LIB (?C?CLDPTR)
  D:\PROGRAM FILES (X86)\KEIL\C51\LIB\C51L.LIB (?C?CLDOPTR)
  D:\PROGRAM FILES (X86)\KEIL\C51\LIB\C51L.LIB (?C?CSTPTR)
  D:\PROGRAM FILES (X86)\KEIL\C51\LIB\C51L.LIB (?C?IMUL)
  D:\PROGRAM FILES (X86)\KEIL\C51\LIB\C51L.LIB (?C?UIDIV)
  D:\PROGRAM FILES (X86)\KEIL\C51\LIB\C51L.LIB (?C?SIDIV)
  D:\PROGRAM FILES (X86)\KEIL\C51\LIB\C51L.LIB (?C?IILDX)
  D:\PROGRAM FILES (X86)\KEIL\C51\LIB\C51L.LIB (?C?ILDIX)
  D:\PROGRAM FILES (X86)\KEIL\C51\LIB\C51L.LIB (?C?ISTPTR)
  D:\PROGRAM FILES (X86)\KEIL\C51\LIB\C51L.LIB (?C?LMUL)
  D:\PROGRAM FILES (X86)\KEIL\C51\LIB\C51L.LIB (?C?ULDIV)
  D:\PROGRAM FILES (X86)\KEIL\C51\LIB\C51L.LIB (?C?LNEG)
  D:\PROGRAM FILES (X86)\KEIL\C51\LIB\C51L.LIB (?C?ULCMP)
  D:\PROGRAM FILES (X86)\KEIL\C51\LIB\C51L.LIB (?C?ULSHR)
  D:\PROGRAM FILES (X86)\KEIL\C51\LIB\C51L.LIB (?C?LLDCODE)
  D:\PROGRAM FILES (X86)\KEIL\C51\LIB\C51L.LIB (?C?LLDXDATA0)
  D:\PROGRAM FILES (X86)\KEIL\C51\LIB\C51L.LIB (?C?LLDCODE0)
  D:\PROGRAM FILES (X86)\KEIL\C51\LIB\C51L.LIB (?C?LSTXDATA)
  D:\PROGRAM FILES (X86)\KEIL\C51\LIB\C51L.LIB (?C?LSTKXDATA)
  D:\PROGRAM FILES (X86)\KEIL\C51\LIB\C51L.LIB (?C?PLDIXDATA)
  D:\PROGRAM FILES (X86)\KEIL\C51\LIB\C51L.LIB (?C?PSTXDATA)
  D:\PROGRAM FILES (X86)\KEIL\C51\LIB\C51L.LIB (?C?CCASE)
  D:\PROGRAM FILES (X86)\KEIL\C51\LIB\C51L.LIB (?C?LIMUL)
  D:\PROGRAM FILES (X86)\KEIL\C51\LIB\C51L.LIB (PUTCHAR)
  D:\PROGRAM FILES (X86)\KEIL\C51\LIB\C51L.LIB (STRCAT)
  D:\PROGRAM FILES (X86)\KEIL\C51\LIB\C51L.LIB (?C?STRCPY)
  D:\PROGRAM FILES (X86)\KEIL\C51\LIB\C51L.LIB (STRLEN)
  D:\PROGRAM FILES (X86)\KEIL\C51\LIB\C51L.LIB (?C?MEMSET)


LINK MAP OF MODULE:  18system_tft (?C_STARTUP)


            TYPE    BASE      LENGTH    RELOCATION   SEGMENT NAME
            -----------------------------------------------------

            * * * * * * *   D A T A   M E M O R Y   * * * * * * *
            REG     0000H     0008H     ABSOLUTE     "REG BANK 0"
            DATA    0008H     0005H     UNIT         _DATA_GROUP_
                    000DH     0013H                  *** GAP ***
            BIT     0020H.0   0001H.1   UNIT         _BIT_GROUP_
            BIT     0021H.1   0000H.2   UNIT         ?BI?ATAN?ATAN
            BIT     0021H.3   0000H.1   UNIT         ?BI?CHUANKOU
            BIT     0021H.4   0000H.1   UNIT         ?BI?FLASH
                    0021H.5   0000H.3                *** GAP ***
            IDATA   0022H     0001H     UNIT         ?STACK

            * * * * * * *  X D A T A   M E M O R Y  * * * * * * *
            XDATA   0000H     0178H     UNIT         ?XD?FONTCHECK
            XDATA   0178H     011AH     UNIT         _XDATA_GROUP_
            XDATA   0292H     00DAH     UNIT         ?XD?CHUANKOU
            XDATA   036CH     0039H     UNIT         ?XD?TOUCH_ADJUST?TOUCH
            XDATA   03A5H     0030H     UNIT         ?XD?COMMUNICAT
BL51 BANKED LINKER/LOCATER V6.22                                                      01/09/2019  15:12:36  PAGE 3


            XDATA   03D5H     0015H     UNIT         ?XD?CICHANG_HMC5883
            XDATA   03EAH     0013H     UNIT         ?XD?HUANJING
            XDATA   03FDH     0010H     UNIT         ?XD?TOUCH
            XDATA   040DH     000FH     UNIT         ?XD?JIASUDU_ADXL345
            XDATA   041CH     000CH     UNIT         ?XD?JIAOSU_L3G4200
            XDATA   0428H     0008H     UNIT         ?XD?FLASH
            XDATA   0430H     0008H     UNIT         ?XD?YAOKONG
            XDATA   0438H     0008H     UNIT         ?XD?_ATAN2?ATAN2
            XDATA   0440H     0004H     UNIT         ?XD?_FLASH_64K_ERASE?FLASH
            XDATA   0444H     0004H     UNIT         ?XD?_FLASH_4K_ERASE?FLASH
            XDATA   0448H     0004H     UNIT         ?XD?DISP_HMC5883_ANGLE?CICHANG_HMC5883
            XDATA   044CH     0004H     UNIT         ?XD?_DROW_TOUCH_POINT?TOUCH
            XDATA   0450H     0004H     UNIT         ?XD?ATAN?ATAN
            XDATA   0454H     0003H     UNIT         ?XD?_SENDSTR2?CHUANKOU
            XDATA   0457H     0002H     UNIT         ?XD?READDEVICEID?FLASH
            XDATA   0459H     0002H     UNIT         ?XD?_SINGLE_WRITE_HMC5883?CICHANG_HMC5883
            XDATA   045BH     0002H     UNIT         ?XD?_SINGLE_READ_HMC5883?CICHANG_HMC5883
            XDATA   045DH     0002H     UNIT         ?XD?_SINGLE_WRITE_L3G4200?JIAOSU_L3G4200
            XDATA   045FH     0002H     UNIT         ?XD?_SINGLE_READ_L3G4200?JIAOSU_L3G4200
            XDATA   0461H     0002H     UNIT         ?XD?_SINGLE_WRITE_ADXL345?JIASUDU_ADXL345
            XDATA   0463H     0002H     UNIT         ?XD?_SINGLE_READ_ADXL345?JIASUDU_ADXL345
            XDATA   0465H     0002H     UNIT         ?XD?PHONEBOOK
            XDATA   0467H     0001H     UNIT         ?XD?INTERRUPT
            XDATA   0468H     0001H     UNIT         ?XD?LED_KEY
            XDATA   0469H     0001H     UNIT         ?XD?RUQING
            XDATA   046AH     0001H     UNIT         ?XD?TOUCH_MAIN
            XDATA   046BH     0001H     UNIT         ?XD?_ZDFRAME?DONGTAI
            XDATA   046CH     0001H     UNIT         ?XD?_HWBZFRAME?DONGTAI
            XDATA   046DH     0001H     UNIT         ?XD?MULTIPLE_READ_HMC5883?CICHANG_HMC5883
            XDATA   046EH     0001H     UNIT         ?XD?MULTIPLE_READ_L3G4200?JIAOSU_L3G4200
            XDATA   046FH     0001H     UNIT         ?XD?MULTIPLE_READ_ADXL345?JIASUDU_ADXL345
            XDATA   0470H     0001H     UNIT         ?XD?TFT

            * * * * * * *   C O D E   M E M O R Y   * * * * * * *
            CODE    0000H     0003H     ABSOLUTE     
            CODE    0003H     0007H     UNIT         ?PR?INIT_HMC5883?CICHANG_HMC5883
                    000AH     0001H                  *** GAP ***
            CODE    000BH     0003H     ABSOLUTE     
            CODE    000EH     000DH     UNIT         ?PR?INIT_IIC?IIC
            CODE    001BH     0003H     ABSOLUTE     
            CODE    001EH     0005H     UNIT         ?PR?INIT_BH1750?HUANJING
            CODE    0023H     0003H     ABSOLUTE     
            CODE    0026H     1DE0H     UNIT         ?CO?FONT
            CODE    1E06H     0C80H     UNIT         ?CO?TFT
            CODE    2A86H     0B4BH     UNIT         ?C?LIB_CODE
            CODE    35D1H     08A3H     UNIT         ?PR?COMMUNICATTOUCH?COMMUNICAT
            CODE    3E74H     07DBH     UNIT         ?PR?TOUCH_ADJUST?TOUCH
            CODE    464FH     078EH     UNIT         ?PR?PEIZHITOUCH?CHUANKOU
            CODE    4DDDH     0758H     UNIT         ?PR?_TFT_SHOWSTRING_W25?TXT
            CODE    5535H     0483H     UNIT         ?PR?PRINTF?PRINTF
            CODE    59B8H     03BCH     UNIT         ?PR?COMMUNICATFRAME?COMMUNICAT
            CODE    5D74H     02EDH     UNIT         ?PR?PAINTFRAME?PAINT
            CODE    6061H     02D3H     UNIT         ?C_INITSEG
            CODE    6334H     02B2H     UNIT         ?PR?MAINFRAME?TOUCH_MAIN
            CODE    65E6H     02ACH     UNIT         ?PR?MAINTOUCH?TOUCH_MAIN
            CODE    6892H     026CH     UNIT         ?PR?_TFT_SHOWSTRING?TFT
            CODE    6AFEH     0222H     UNIT         ?PR?RECEIVE?COMMUNICAT
BL51 BANKED LINKER/LOCATER V6.22                                                      01/09/2019  15:12:36  PAGE 4


            CODE    6D20H     0219H     UNIT         ?PR?PAINTTOUCH?PAINT
            CODE    6F39H     0201H     UNIT         ?PR?HUANJJIANCTOUCH?HUANJING
            CODE    713AH     01F4H     UNIT         ?PR?HUMITUREFRAME?HUANJING
            CODE    732EH     01F0H     UNIT         ?PR?_DRAW_CIRCLE?TFT
            CODE    751EH     01EEH     UNIT         ?PR?_LCD_DRAWLINE?TFT
            CODE    770CH     01DBH     UNIT         ?PR?TFT_INIT?TFT
            CODE    78E7H     01D5H     UNIT         ?PR?UART1_ISR?CHUANKOU
            CODE    7ABCH     01A5H     UNIT         ?PR?_DISP_BIN_PT_W25?BIN
            CODE    7C61H     017BH     UNIT         ?PR?_DISP_BIN_PT?BIN
            CODE    7DDCH     0173H     UNIT         ?PR?_TFT_SHOWWORD_W25?TXT
            CODE    7F4FH     016CH     UNIT         ?PR?FTINFOINT?FONTCHECK
            CODE    80BBH     0155H     UNIT         ?PR?CHK2BUTTONFRAME?CHUANKOU
            CODE    8210H     013DH     UNIT         ?PR?TXTFRAME?PHONEBOOK
            CODE    834DH     0131H     UNIT         ?PR?_READ_ADS2?TOUCH
            CODE    847EH     0130H     UNIT         ?PR?DISP_HMC5883_ANGLE?CICHANG_HMC5883
            CODE    85AEH     0122H     UNIT         ?PR?_DROW_TOUCH_POINT?TOUCH
            CODE    86D0H     0122H     UNIT         ?PR?ATAN?ATAN
            CODE    87F2H     0121H     UNIT         ?PR?_CHK1BUTTONFRAME?CHUANKOU
            CODE    8913H     0121H     UNIT         ?PR?_JDBUTTON1FRAME?YAOKONG
            CODE    8A34H     0121H     UNIT         ?PR?_JDBUTTON2FRAME?YAOKONG
            CODE    8B55H     0117H     UNIT         ?PR?TXTTOUCH?PHONEBOOK
            CODE    8C6CH     0116H     UNIT         ?PR?CALLING?COMMUNICAT
            CODE    8D82H     0109H     UNIT         ?PR?DISP_ADXL345_X?JIASUDU_ADXL345
            CODE    8E8BH     0109H     UNIT         ?PR?DISP_ADXL345_Y?JIASUDU_ADXL345
            CODE    8F94H     0109H     UNIT         ?PR?DISP_ADXL345_Z?JIASUDU_ADXL345
            CODE    909DH     0106H     UNIT         ?PR?_FMQFRAME?RUQING
            CODE    91A3H     0106H     UNIT         ?PR?_RSDFRAME?RUQING
            CODE    92A9H     0106H     UNIT         ?PR?_ZDFRAME?DONGTAI
            CODE    93AFH     0106H     UNIT         ?PR?_HWBZFRAME?DONGTAI
            CODE    94B5H     0103H     UNIT         ?PR?CONVERT_POS?TOUCH
            CODE    95B8H     00F8H     UNIT         ?PR?HUANJINGMFRAME?HUANJING
            CODE    96B0H     00F8H     UNIT         ?PR?DISP_HMC5883_X?CICHANG_HMC5883
            CODE    97A8H     00F8H     UNIT         ?PR?DISP_HMC5883_Y?CICHANG_HMC5883
            CODE    98A0H     00F8H     UNIT         ?PR?DISP_HMC5883_Z?CICHANG_HMC5883
            CODE    9998H     00F2H     UNIT         ?PR?_TFT_SHOWWORD?TFT
            CODE    9A8AH     00EFH     UNIT         ?PR?RUQBAOJTOUCH?RUQING
            CODE    9B79H     00E6H     UNIT         ?PR?JDQFRAME?YAOKONG
            CODE    9C5FH     00E6H     UNIT         ?PR?_LCD_DRAWRECTANGLE?TFT
            CODE    9D45H     00DEH     UNIT         ?PR?DISP_L3G4200_X?JIAOSU_L3G4200
            CODE    9E23H     00DEH     UNIT         ?PR?DISP_L3G4200_Y?JIAOSU_L3G4200
            CODE    9F01H     00DEH     UNIT         ?PR?DISP_L3G4200_Z?JIAOSU_L3G4200
            CODE    9FDFH     00DEH     UNIT         ?PR?_ADS_READ_XY?TOUCH
            CODE    A0BDH     00DBH     UNIT         ?PR?BH1750?HUANJING
            CODE    A198H     00CCH     UNIT         ?PR?ZUOBIAO?PAINT
            CODE    A264H     00C4H     UNIT         ?CO?TXT
            CODE    A328H     00BDH     UNIT         ?PR?YAOKONGMFRAME?YAOKONG
            CODE    A3E5H     00BCH     UNIT         ?PR?CHUANKOUMFRAME?CHUANKOU
            CODE    A4A1H     00AFH     UNIT         ?PR?_TFT_CLEARAREA?TFT
            CODE    A550H     00AFH     UNIT         ?PR?_LCD_DRAWPOINT_BIG?TFT
            CODE    A5FFH     00A1H     UNIT         ?PR?DH11GETHUMITURE?HUANJING
            CODE    A6A0H     009DH     UNIT         ?PR?_ATAN2?ATAN2
            CODE    A73DH     008CH     UNIT         ?C_C51STARTUP
            CODE    A7C9H     008AH     UNIT         ?CO?COMMUNICAT
            CODE    A853H     0085H     UNIT         ?PR?_LCD_DRAWBOX?TFT
            CODE    A8D8H     0083H     UNIT         ?PR?_TFT_CLEARONELINE?TFT
            CODE    A95BH     007CH     UNIT         ?CO?CHUANKOU
            CODE    A9D7H     007AH     UNIT         ?PR?_SPI_PAGEREAD?FLASH
BL51 BANKED LINKER/LOCATER V6.22                                                      01/09/2019  15:12:36  PAGE 5


            CODE    AA51H     007AH     UNIT         ?PR?DISP_L3G4200_TEMP?JIAOSU_L3G4200
            CODE    AACBH     0076H     UNIT         ?PR?YAOKJIDTOUCH?YAOKONG
            CODE    AB41H     006DH     UNIT         ?PR?_YAOKONGPRESSFRAME?YAOKONG
            CODE    ABAEH     006BH     UNIT         ?PR?_STRCAT?STRCAT
            CODE    AC19H     006AH     UNIT         ?PR?_TFT_CLEARBYCOLOR?TFT
            CODE    AC83H     0067H     UNIT         ?CO?PAINT
            CODE    ACEAH     0063H     UNIT         ?PR?CALLNUM?COMMUNICAT
            CODE    AD4DH     0063H     UNIT         ?PR?_READ_ADS?TOUCH
            CODE    ADB0H     005BH     UNIT         ?CO?TOUCH_MAIN
            CODE    AE0BH     0057H     UNIT         ?PR?DONGTJIANCTOUCH?DONGTAI
            CODE    AE62H     0050H     UNIT         ?PR?RUQINGMFRAME?RUQING
            CODE    AEB2H     0050H     UNIT         ?PR?YAOKONGSFRAME?YAOKONG
            CODE    AF02H     0050H     UNIT         ?PR?DONGTAIMFRAME?DONGTAI
            CODE    AF52H     0050H     UNIT         ?PR?MULTIPLE_READ_HMC5883?CICHANG_HMC5883
            CODE    AFA2H     0050H     UNIT         ?PR?MULTIPLE_READ_L3G4200?JIAOSU_L3G4200
            CODE    AFF2H     0050H     UNIT         ?PR?MULTIPLE_READ_ADXL345?JIASUDU_ADXL345
            CODE    B042H     004DH     UNIT         ?PR?I2CRECVBYTE?IIC
            CODE    B08FH     004BH     UNIT         ?PR?READDEVICEID?FLASH
            CODE    B0DAH     0049H     UNIT         ?CO?PHONEBOOK
            CODE    B123H     0045H     UNIT         ?PR?_TFT_ADDRESSSET?TFT
            CODE    B168H     0043H     UNIT         ?PR?MULTIPLE_READ_BH1750?HUANJING
            CODE    B1ABH     0042H     UNIT         ?PR?_FLASH_4K_ERASE?FLASH
            CODE    B1EDH     0040H     UNIT         ?PR?DH11RECEIVEONEBYTE?HUANJING
            CODE    B22DH     003EH     UNIT         ?PR?_FLASH_64K_ERASE?FLASH
            CODE    B26BH     0035H     UNIT         ?PR?ADXL345CONVERT?JIASUDU_ADXL345
            CODE    B2A0H     0034H     UNIT         ?PR?MAIN?MAIN
            CODE    B2D4H     0033H     UNIT         ?PR?_SENDSTR1?CHUANKOU
            CODE    B307H     0033H     UNIT         ?PR?_SENDSTR2?CHUANKOU
            CODE    B33AH     0033H     UNIT         ?PR?_SINGLE_READ_HMC5883?CICHANG_HMC5883
            CODE    B36DH     0033H     UNIT         ?PR?_SINGLE_READ_L3G4200?JIAOSU_L3G4200
            CODE    B3A0H     0033H     UNIT         ?PR?_SINGLE_READ_ADXL345?JIASUDU_ADXL345
            CODE    B3D3H     0032H     UNIT         ?PR?_I2CSENDBYTE?IIC
            CODE    B405H     0032H     UNIT         ?PR?L3G4200CONVERT?JIAOSU_L3G4200
            CODE    B437H     0031H     UNIT         ?PR?INIT_ADXL345?JIASUDU_ADXL345
            CODE    B468H     002CH     UNIT         ?CO?HUANJING
            CODE    B494H     0029H     UNIT         ?CO?RUQING
            CODE    B4BDH     0027H     UNIT         ?PR?PUTCHAR?PUTCHAR
            CODE    B4E4H     0024H     UNIT         ?PR?INITSPI?FLASH
            CODE    B508H     0024H     UNIT         ?PR?KEYTEST?LED_KEY
            CODE    B52CH     0023H     UNIT         ?PR?_SINGLE_WRITE_HMC5883?CICHANG_HMC5883
            CODE    B54FH     0023H     UNIT         ?PR?_SINGLE_WRITE_L3G4200?JIAOSU_L3G4200
            CODE    B572H     0023H     UNIT         ?PR?INIT_L3G4200?JIAOSU_L3G4200
            CODE    B595H     0023H     UNIT         ?PR?_SINGLE_WRITE_ADXL345?JIASUDU_ADXL345
            CODE    B5B8H     0022H     UNIT         ?PR?_LEDMODE?LED_KEY
            CODE    B5DAH     0022H     UNIT         ?PR?LAIDIAN?COMMUNICAT
            CODE    B5FCH     0022H     UNIT         ?PR?READFROMCHARFROM7843?TOUCH
            CODE    B61EH     0021H     UNIT         ?PR?I2CRECVACK?IIC
            CODE    B63FH     0020H     UNIT         ?PR?_DELAYMS?DELAY
            CODE    B65FH     0020H     UNIT         ?PR?TIME0_ISRMS?INTERRUPT
            CODE    B67FH     0020H     UNIT         ?CO?YAOKONG
            CODE    B69FH     001CH     UNIT         ?PR?_SPISENDDATA?FLASH
            CODE    B6BBH     001BH     UNIT         ?PR?DONGTAIIOINIT?DONGTAI
            CODE    B6D6H     001AH     UNIT         ?PR?_DELAY?DELAY
            CODE    B6F0H     001AH     UNIT         ?PR?_SPI_SENDBYTE?SPI
            CODE    B70AH     0019H     UNIT         ?PR?TIME1_ISR20MS?INTERRUPT
            CODE    B723H     0019H     UNIT         ?PR?CHUANKOUIOINIT?CHUANKOU
            CODE    B73CH     0019H     UNIT         ?CO?DONGTAI
BL51 BANKED LINKER/LOCATER V6.22                                                      01/09/2019  15:12:36  PAGE 6


            CODE    B755H     0018H     UNIT         ?PR?_SINGLE_WRITE_BH1750?HUANJING
            CODE    B76DH     0018H     UNIT         ?PR?TFT_IO_INIT?TFT
            CODE    B785H     0018H     UNIT         ?PR?_WRITECHARTO7843?TOUCH
            CODE    B79DH     0017H     UNIT         ?PR?I2CSTART?IIC
            CODE    B7B4H     0017H     UNIT         ?PR?SPI_FLASH_WAITFORWRITEEND?FLASH
            CODE    B7CBH     0017H     UNIT         ?CO?JIAOSU_L3G4200
            CODE    B7E2H     0016H     UNIT         ?PR?I2CSENDACK?IIC
            CODE    B7F8H     0016H     UNIT         ?PR?DH11START?HUANJING
            CODE    B80EH     0015H     UNIT         ?PR?_TFT_WR_DATA?TFT
            CODE    B823H     0015H     UNIT         ?PR?_STRLEN?STRLEN
            CODE    B838H     0014H     UNIT         ?PR?I2CSTOP?IIC
            CODE    B84CH     0013H     UNIT         ?PR?INIT_SPI?SPI
            CODE    B85FH     0012H     UNIT         ?PR?USART2_INIT?CHUANKOU
            CODE    B871H     0011H     UNIT         ?PR?USART1_INIT?CHUANKOU
            CODE    B882H     0011H     UNIT         ?PR?YAOKONGIOINIT?YAOKONG
            CODE    B893H     0011H     UNIT         ?CO?JIASUDU_ADXL345
            CODE    B8A4H     0010H     UNIT         ?PR?W25Q16_READSTATUS?FLASH
            CODE    B8B4H     0010H     UNIT         ?CO?CICHANG_HMC5883
            CODE    B8C4H     000FH     UNIT         ?PR?_SENDDATA1?CHUANKOU
            CODE    B8D3H     000FH     UNIT         ?PR?_SENDDATA2?CHUANKOU
            CODE    B8E2H     000FH     UNIT         ?PR?FLASH_CHIPERASE?FLASH
            CODE    B8F1H     000FH     UNIT         ?PR?RUQINGIOINIT?RUQING
            CODE    B900H     000FH     UNIT         ?PR?HMC5883CONVERT?CICHANG_HMC5883
            CODE    B90FH     000EH     UNIT         ?PR?TIME0_INIT1MS?INTERRUPT
            CODE    B91DH     000EH     UNIT         ?PR?TIME1_INIT20MS?INTERRUPT
            CODE    B92BH     000EH     UNIT         ?PR?_TFT_WR_REG_DATA?TFT
            CODE    B939H     000DH     UNIT         ?PR?LEDKEYINIT?LED_KEY
            CODE    B946H     000BH     UNIT         ?PR?_TFT_WRIT_BUS?TFT
            CODE    B951H     000BH     UNIT         ?PR?_TFT_WR_REG?TFT
            CODE    B95CH     000BH     UNIT         ?PR?_ADS_READ_AD?TOUCH
            CODE    B967H     000AH     UNIT         ?PR?SPIWRITEEN?FLASH
            CODE    B971H     0009H     UNIT         ?PR?OPEN1?CHUANKOU
            CODE    B97AH     0009H     UNIT         ?PR?OPEN2?CHUANKOU
            CODE    B983H     0009H     UNIT         ?PR?OPEN3?CHUANKOU
            CODE    B98CH     0009H     UNIT         ?PR?OPEN4?CHUANKOU
            CODE    B995H     0009H     UNIT         ?PR?OPEN5?CHUANKOU
            CODE    B99EH     0009H     UNIT         ?PR?HUANJINGIOINIT?HUANJING
            CODE    B9A7H     0009H     UNIT         ?PR?DHT_IO_OUT?HUANJING
            CODE    B9B0H     0009H     UNIT         ?PR?DHT_IO_IN?HUANJING
            CODE    B9B9H     0007H     UNIT         ?PR?TOUCH_INITSPI?TOUCH
            CODE    B9C0H     0006H     UNIT         ?PR?SPIDELAY?FLASH
            CODE    B9C6H     0006H     UNIT         ?PR?TOUCH_IRQ?TOUCH
            CODE    B9CCH     0005H     UNIT         ?PR?_TFT_WR_DATA8?TFT
            CODE    B9D1H     0003H     UNIT         ?PR?SPI_FLASH_INIT?FLASH
            CODE    B9D4H     0003H     UNIT         ?PR?LED3_ON?LED_KEY
            CODE    B9D7H     0003H     UNIT         ?PR?LED4_ON?LED_KEY
            CODE    B9DAH     0003H     UNIT         ?PR?LED3_OFF?LED_KEY
            CODE    B9DDH     0003H     UNIT         ?PR?LED4_OFF?LED_KEY
            CODE    B9E0H     0003H     UNIT         ?PR?BEEP_ON?RUQING
            CODE    B9E3H     0003H     UNIT         ?PR?BEEP_OFF?RUQING
            CODE    B9E6H     0003H     UNIT         ?PR?JD1ON?YAOKONG
            CODE    B9E9H     0003H     UNIT         ?PR?JD2ON?YAOKONG
            CODE    B9ECH     0003H     UNIT         ?PR?JD1OFF?YAOKONG
            CODE    B9EFH     0003H     UNIT         ?PR?JD2OFF?YAOKONG



BL51 BANKED LINKER/LOCATER V6.22                                                      01/09/2019  15:12:36  PAGE 7


OVERLAY MAP OF MODULE:   18system_tft (?C_STARTUP)


SEGMENT                                             BIT_GROUP          DATA_GROUP          XDATA_GROUP
  +--> CALLED SEGMENT                            START    LENGTH     START    LENGTH     START    LENGTH
--------------------------------------------------------------------------------------------------------
?C_C51STARTUP                                    -----    -----      -----    -----      -----    -----
  +--> ?PR?MAIN?MAIN
  +--> ?C_INITSEG

?PR?MAIN?MAIN                                    -----    -----      -----    -----      -----    -----
  +--> ?PR?TFT_INIT?TFT
  +--> ?PR?TOUCH_INITSPI?TOUCH
  +--> ?PR?INITSPI?FLASH
  +--> ?PR?FTINFOINT?FONTCHECK
  +--> ?PR?MAINTOUCH?TOUCH_MAIN

?PR?TFT_INIT?TFT                                 -----    -----      -----    -----      -----    -----
  +--> ?PR?TFT_IO_INIT?TFT
  +--> ?PR?_DELAYMS?DELAY
  +--> ?PR?_TFT_WR_REG?TFT
  +--> ?PR?_TFT_WR_DATA?TFT
  +--> ?PR?_TFT_CLEARBYCOLOR?TFT

?PR?_TFT_WR_REG?TFT                              -----    -----      -----    -----      -----    -----
  +--> ?PR?_TFT_WRIT_BUS?TFT

?PR?_TFT_WR_DATA?TFT                             -----    -----      -----    -----      -----    -----
  +--> ?PR?_TFT_WRIT_BUS?TFT

?PR?_TFT_CLEARBYCOLOR?TFT                        -----    -----      -----    -----      0178H    0006H
  +--> ?PR?_TFT_ADDRESSSET?TFT
  +--> ?PR?_TFT_WR_DATA?TFT

?PR?_TFT_ADDRESSSET?TFT                          -----    -----      -----    -----      028AH    0008H
  +--> ?PR?_TFT_WR_REG?TFT
  +--> ?PR?_TFT_WR_DATA?TFT

?PR?MAINTOUCH?TOUCH_MAIN                         -----    -----      -----    -----      -----    -----
  +--> ?PR?MAINFRAME?TOUCH_MAIN
  +--> ?PR?LAIDIAN?COMMUNICAT
  +--> ?PR?TOUCH_IRQ?TOUCH
  +--> ?PR?CONVERT_POS?TOUCH
  +--> ?CO?TOUCH_MAIN
  +--> ?PR?_TFT_SHOWSTRING_W25?TXT
  +--> ?PR?PAINTTOUCH?PAINT
  +--> ?PR?YAOKJIDTOUCH?YAOKONG
  +--> ?PR?PEIZHITOUCH?CHUANKOU
  +--> ?PR?COMMUNICATTOUCH?COMMUNICAT
  +--> ?PR?HUANJJIANCTOUCH?HUANJING
  +--> ?PR?RUQBAOJTOUCH?RUQING
  +--> ?PR?TXTTOUCH?PHONEBOOK

?PR?MAINFRAME?TOUCH_MAIN                         -----    -----      -----    -----      -----    -----
  +--> ?PR?_TFT_CLEARONELINE?TFT
  +--> ?CO?TOUCH_MAIN
  +--> ?PR?_TFT_SHOWSTRING?TFT
BL51 BANKED LINKER/LOCATER V6.22                                                      01/09/2019  15:12:36  PAGE 8


  +--> ?PR?_TFT_SHOWSTRING_W25?TXT
  +--> ?PR?_TFT_CLEARAREA?TFT
  +--> ?PR?_DISP_BIN_PT_W25?BIN
  +--> ?CO?FONT
  +--> ?PR?_DISP_BIN_PT?BIN

?PR?_TFT_CLEARONELINE?TFT                        -----    -----      -----    -----      018CH    0008H
  +--> ?PR?_TFT_ADDRESSSET?TFT
  +--> ?PR?_TFT_WR_DATA?TFT

?PR?_TFT_SHOWSTRING?TFT                          -----    -----      -----    -----      018CH    0013H
  +--> ?PR?_STRLEN?STRLEN
  +--> ?CO?FONT
  +--> ?PR?_TFT_SHOWWORD?TFT

?PR?_TFT_SHOWWORD?TFT                            -----    -----      -----    -----      019FH    0011H
  +--> ?PR?_TFT_ADDRESSSET?TFT
  +--> ?PR?_TFT_WR_DATA?TFT

?PR?_TFT_SHOWSTRING_W25?TXT                      -----    -----      -----    -----      018CH    00E7H
  +--> ?CO?TXT
  +--> ?PR?_STRLEN?STRLEN
  +--> ?PR?_SPI_PAGEREAD?FLASH
  +--> ?PR?_TFT_SHOWWORD_W25?TXT

?PR?_SPI_PAGEREAD?FLASH                          -----    -----      -----    -----      0273H    0009H
  +--> ?PR?W25Q16_READSTATUS?FLASH
  +--> ?PR?_SPISENDDATA?FLASH

?PR?W25Q16_READSTATUS?FLASH                      -----    -----      -----    -----      -----    -----
  +--> ?PR?_SPISENDDATA?FLASH

?PR?_TFT_SHOWWORD_W25?TXT                        -----    -----      -----    -----      0273H    0017H
  +--> ?PR?_TFT_ADDRESSSET?TFT
  +--> ?PR?_TFT_WR_DATA?TFT

?PR?_TFT_CLEARAREA?TFT                           -----    -----      -----    -----      018CH    000EH
  +--> ?PR?_TFT_ADDRESSSET?TFT
  +--> ?PR?_TFT_WR_DATA?TFT

?PR?_DISP_BIN_PT_W25?BIN                         -----    -----      -----    -----      0178H    001EH
  +--> ?PR?_SPI_PAGEREAD?FLASH
  +--> ?PR?_TFT_ADDRESSSET?TFT
  +--> ?PR?_TFT_WR_DATA8?TFT

?PR?_TFT_WR_DATA8?TFT                            -----    -----      -----    -----      -----    -----
  +--> ?PR?_TFT_WRIT_BUS?TFT

?PR?_DISP_BIN_PT?BIN                             -----    -----      -----    -----      0178H    0017H
  +--> ?PR?_TFT_ADDRESSSET?TFT
  +--> ?PR?_TFT_WR_DATA8?TFT

?PR?LAIDIAN?COMMUNICAT                           -----    -----      -----    -----      -----    -----
  +--> ?PR?RECEIVE?COMMUNICAT

?PR?RECEIVE?COMMUNICAT                           -----    -----      -----    -----      -----    -----
  +--> ?PR?_TFT_CLEARAREA?TFT
BL51 BANKED LINKER/LOCATER V6.22                                                      01/09/2019  15:12:36  PAGE 9


  +--> ?CO?COMMUNICAT
  +--> ?PR?_TFT_SHOWSTRING_W25?TXT
  +--> ?PR?_LCD_DRAWBOX?TFT
  +--> ?PR?_SENDSTR1?CHUANKOU
  +--> ?PR?TOUCH_IRQ?TOUCH
  +--> ?PR?CONVERT_POS?TOUCH
  +--> ?PR?_DELAYMS?DELAY

?PR?_LCD_DRAWBOX?TFT                             -----    -----      -----    -----      017BH    000AH
  +--> ?PR?_TFT_ADDRESSSET?TFT
  +--> ?PR?_TFT_WR_DATA?TFT

?PR?_SENDSTR1?CHUANKOU                           -----    -----      -----    -----      017BH    0003H
  +--> ?PR?_SENDDATA1?CHUANKOU

?PR?CONVERT_POS?TOUCH                            -----    -----      -----    -----      018CH    0001H
  +--> ?PR?_READ_ADS2?TOUCH

?PR?_READ_ADS2?TOUCH                             -----    -----      -----    -----      018DH    000EH
  +--> ?PR?_READ_ADS?TOUCH

?PR?_READ_ADS?TOUCH                              -----    -----      -----    -----      019BH    0008H
  +--> ?PR?_ADS_READ_XY?TOUCH

?PR?_ADS_READ_XY?TOUCH                           -----    -----      -----    -----      01A3H    0022H
  +--> ?PR?_ADS_READ_AD?TOUCH

?PR?_ADS_READ_AD?TOUCH                           -----    -----      -----    -----      -----    -----
  +--> ?PR?_WRITECHARTO7843?TOUCH
  +--> ?PR?READFROMCHARFROM7843?TOUCH

?PR?PAINTTOUCH?PAINT                             -----    -----      -----    -----      0178H    0003H
  +--> ?PR?PAINTFRAME?PAINT
  +--> ?PR?LAIDIAN?COMMUNICAT
  +--> ?PR?TOUCH_IRQ?TOUCH
  +--> ?PR?CONVERT_POS?TOUCH
  +--> ?PR?_LCD_DRAWPOINT_BIG?TFT
  +--> ?PR?_TFT_CLEARAREA?TFT
  +--> ?PR?ZUOBIAO?PAINT

?PR?PAINTFRAME?PAINT                             -----    -----      -----    -----      -----    -----
  +--> ?PR?_TFT_CLEARONELINE?TFT
  +--> ?CO?PAINT
  +--> ?PR?_TFT_SHOWSTRING?TFT
  +--> ?PR?_TFT_SHOWSTRING_W25?TXT
  +--> ?PR?_TFT_CLEARAREA?TFT
  +--> ?PR?_LCD_DRAWPOINT_BIG?TFT

?PR?_LCD_DRAWPOINT_BIG?TFT                       -----    -----      -----    -----      01AAH    0007H
  +--> ?PR?_TFT_ADDRESSSET?TFT
  +--> ?PR?_TFT_WR_DATA?TFT

?PR?ZUOBIAO?PAINT                                -----    -----      -----    -----      017BH    0004H
  +--> ?CO?PAINT
  +--> ?PR?PRINTF?PRINTF
  +--> ?PR?_TFT_SHOWSTRING?TFT

BL51 BANKED LINKER/LOCATER V6.22                                                      01/09/2019  15:12:36  PAGE 10


?PR?PRINTF?PRINTF                                0020H.0  0001H.1    0008H    0005H      017FH    0030H
  +--> ?PR?PUTCHAR?PUTCHAR

?PR?YAOKJIDTOUCH?YAOKONG                         -----    -----      -----    -----      -----    -----
  +--> ?PR?YAOKONGMFRAME?YAOKONG
  +--> ?PR?YAOKONGIOINIT?YAOKONG
  +--> ?PR?TOUCH_IRQ?TOUCH
  +--> ?PR?CONVERT_POS?TOUCH
  +--> ?PR?_YAOKONGPRESSFRAME?YAOKONG
  +--> ?PR?_DELAYMS?DELAY
  +--> ?PR?YAOKONGSFRAME?YAOKONG
  +--> ?PR?JDQFRAME?YAOKONG

?PR?YAOKONGMFRAME?YAOKONG                        -----    -----      -----    -----      -----    -----
  +--> ?PR?_TFT_CLEARAREA?TFT
  +--> ?PR?_TFT_CLEARONELINE?TFT
  +--> ?CO?YAOKONG
  +--> ?PR?_TFT_SHOWSTRING_W25?TXT

?PR?_YAOKONGPRESSFRAME?YAOKONG                   -----    -----      -----    -----      -----    -----
  +--> ?PR?_TFT_CLEARAREA?TFT
  +--> ?CO?YAOKONG
  +--> ?PR?_TFT_SHOWSTRING_W25?TXT

?PR?YAOKONGSFRAME?YAOKONG                        -----    -----      -----    -----      -----    -----
  +--> ?PR?_TFT_CLEARAREA?TFT
  +--> ?PR?_TFT_CLEARONELINE?TFT
  +--> ?CO?YAOKONG
  +--> ?PR?_TFT_SHOWSTRING_W25?TXT

?PR?JDQFRAME?YAOKONG                             -----    -----      -----    -----      -----    -----
  +--> ?PR?_JDBUTTON1FRAME?YAOKONG
  +--> ?PR?TOUCH_IRQ?TOUCH
  +--> ?PR?CONVERT_POS?TOUCH
  +--> ?PR?_JDBUTTON2FRAME?YAOKONG

?PR?_JDBUTTON1FRAME?YAOKONG                      -----    -----      -----    -----      0178H    0001H
  +--> ?PR?_TFT_CLEARAREA?TFT
  +--> ?CO?YAOKONG
  +--> ?PR?_TFT_SHOWSTRING_W25?TXT

?PR?_JDBUTTON2FRAME?YAOKONG                      -----    -----      -----    -----      0178H    0001H
  +--> ?PR?_TFT_CLEARAREA?TFT
  +--> ?CO?YAOKONG
  +--> ?PR?_TFT_SHOWSTRING_W25?TXT

?PR?PEIZHITOUCH?CHUANKOU                         -----    -----      -----    -----      0178H    0001H
  +--> ?PR?CHUANKOUIOINIT?CHUANKOU
  +--> ?PR?CHUANKOUMFRAME?CHUANKOU
  +--> ?PR?_CHK1BUTTONFRAME?CHUANKOU
  +--> ?PR?CHK2BUTTONFRAME?CHUANKOU
  +--> ?PR?USART1_INIT?CHUANKOU
  +--> ?PR?USART2_INIT?CHUANKOU
  +--> ?PR?LAIDIAN?COMMUNICAT
  +--> ?PR?TOUCH_IRQ?TOUCH
  +--> ?PR?CONVERT_POS?TOUCH
  +--> ?PR?_LCD_DRAWBOX?TFT
BL51 BANKED LINKER/LOCATER V6.22                                                      01/09/2019  15:12:36  PAGE 11


  +--> ?PR?_LCD_DRAWRECTANGLE?TFT
  +--> ?CO?CHUANKOU
  +--> ?PR?_TFT_SHOWSTRING_W25?TXT
  +--> ?PR?OPEN5?CHUANKOU
  +--> ?PR?OPEN2?CHUANKOU
  +--> ?PR?OPEN3?CHUANKOU
  +--> ?PR?OPEN4?CHUANKOU
  +--> ?PR?_DELAYMS?DELAY
  +--> ?CO?FONT
  +--> ?PR?_TFT_SHOWWORD?TFT
  +--> ?PR?_TFT_CLEARAREA?TFT

?PR?CHUANKOUMFRAME?CHUANKOU                      -----    -----      -----    -----      -----    -----
  +--> ?PR?_TFT_CLEARAREA?TFT
  +--> ?PR?_LCD_DRAWBOX?TFT
  +--> ?CO?CHUANKOU
  +--> ?PR?_TFT_SHOWSTRING_W25?TXT
  +--> ?PR?_LCD_DRAWRECTANGLE?TFT

?PR?_LCD_DRAWRECTANGLE?TFT                       -----    -----      -----    -----      0179H    000AH
  +--> ?PR?_LCD_DRAWLINE?TFT

?PR?_LCD_DRAWLINE?TFT                            -----    -----      -----    -----      018CH    001EH
  +--> ?PR?_LCD_DRAWPOINT_BIG?TFT

?PR?_CHK1BUTTONFRAME?CHUANKOU                    -----    -----      -----    -----      0179H    0001H
  +--> ?PR?_TFT_CLEARAREA?TFT
  +--> ?CO?CHUANKOU
  +--> ?PR?_TFT_SHOWSTRING_W25?TXT

?PR?CHK2BUTTONFRAME?CHUANKOU                     -----    -----      -----    -----      -----    -----
  +--> ?PR?_LCD_DRAWRECTANGLE?TFT
  +--> ?CO?CHUANKOU
  +--> ?PR?_TFT_SHOWSTRING_W25?TXT

?PR?OPEN5?CHUANKOU                               -----    -----      -----    -----      -----    -----
  +--> ?CO?CHUANKOU
  +--> ?PR?_SENDSTR1?CHUANKOU

?PR?OPEN2?CHUANKOU                               -----    -----      -----    -----      -----    -----
  +--> ?CO?CHUANKOU
  +--> ?PR?_SENDSTR1?CHUANKOU

?PR?OPEN3?CHUANKOU                               -----    -----      -----    -----      -----    -----
  +--> ?CO?CHUANKOU
  +--> ?PR?_SENDSTR1?CHUANKOU

?PR?OPEN4?CHUANKOU                               -----    -----      -----    -----      -----    -----
  +--> ?CO?CHUANKOU
  +--> ?PR?_SENDSTR1?CHUANKOU

?PR?COMMUNICATTOUCH?COMMUNICAT                   -----    -----      -----    -----      -----    -----
  +--> ?PR?COMMUNICATFRAME?COMMUNICAT
  +--> ?PR?LAIDIAN?COMMUNICAT
  +--> ?PR?TOUCH_IRQ?TOUCH
  +--> ?PR?CONVERT_POS?TOUCH
  +--> ?PR?_DRAW_CIRCLE?TFT
BL51 BANKED LINKER/LOCATER V6.22                                                      01/09/2019  15:12:36  PAGE 12


  +--> ?CO?COMMUNICAT
  +--> ?PR?_TFT_SHOWSTRING_W25?TXT
  +--> ?PR?CALLNUM?COMMUNICAT
  +--> ?PR?_STRCAT?STRCAT

?PR?COMMUNICATFRAME?COMMUNICAT                   -----    -----      -----    -----      -----    -----
  +--> ?PR?_TFT_CLEARONELINE?TFT
  +--> ?CO?COMMUNICAT
  +--> ?PR?_TFT_SHOWSTRING?TFT
  +--> ?PR?_TFT_SHOWSTRING_W25?TXT
  +--> ?PR?_TFT_CLEARAREA?TFT
  +--> ?PR?_LCD_DRAWRECTANGLE?TFT
  +--> ?PR?_DRAW_CIRCLE?TFT

?PR?_DRAW_CIRCLE?TFT                             -----    -----      -----    -----      0178H    000EH
  +--> ?PR?_LCD_DRAWPOINT_BIG?TFT

?PR?CALLNUM?COMMUNICAT                           -----    -----      -----    -----      -----    -----
  +--> ?CO?COMMUNICAT
  +--> ?PR?_SENDSTR1?CHUANKOU
  +--> ?PR?_STRCAT?STRCAT
  +--> ?PR?CALLING?COMMUNICAT

?PR?_STRCAT?STRCAT                               -----    -----      -----    -----      0178H    0009H

?PR?CALLING?COMMUNICAT                           -----    -----      -----    -----      -----    -----
  +--> ?PR?_TFT_CLEARAREA?TFT
  +--> ?CO?COMMUNICAT
  +--> ?PR?_TFT_SHOWSTRING_W25?TXT
  +--> ?PR?_LCD_DRAWBOX?TFT
  +--> ?PR?TOUCH_IRQ?TOUCH
  +--> ?PR?CONVERT_POS?TOUCH
  +--> ?PR?_SENDSTR1?CHUANKOU

?PR?HUANJJIANCTOUCH?HUANJING                     -----    -----      -----    -----      0178H    0014H
  +--> ?CO?HUANJING
  +--> ?PR?HUANJINGMFRAME?HUANJING
  +--> ?PR?HUANJINGIOINIT?HUANJING
  +--> ?PR?HUMITUREFRAME?HUANJING
  +--> ?PR?INIT_BH1750?HUANJING
  +--> ?PR?TIME1_INIT20MS?INTERRUPT
  +--> ?PR?TOUCH_IRQ?TOUCH
  +--> ?PR?CONVERT_POS?TOUCH
  +--> ?PR?BH1750?HUANJING
  +--> ?PR?DH11GETHUMITURE?HUANJING
  +--> ?PR?_TFT_SHOWSTRING?TFT
  +--> ?PR?_LCD_DRAWLINE?TFT

?PR?HUANJINGMFRAME?HUANJING                      -----    -----      -----    -----      -----    -----
  +--> ?PR?_TFT_CLEARAREA?TFT
  +--> ?PR?_TFT_CLEARONELINE?TFT
  +--> ?CO?HUANJING
  +--> ?PR?_TFT_SHOWSTRING_W25?TXT

?PR?HUANJINGIOINIT?HUANJING                      -----    -----      -----    -----      -----    -----
  +--> ?PR?INIT_IIC?IIC

BL51 BANKED LINKER/LOCATER V6.22                                                      01/09/2019  15:12:36  PAGE 13


?PR?HUMITUREFRAME?HUANJING                       -----    -----      -----    -----      -----    -----
  +--> ?PR?_TFT_CLEARAREA?TFT
  +--> ?PR?_LCD_DRAWLINE?TFT

?PR?INIT_BH1750?HUANJING                         -----    -----      -----    -----      -----    -----
  +--> ?PR?_SINGLE_WRITE_BH1750?HUANJING

?PR?_SINGLE_WRITE_BH1750?HUANJING                -----    -----      -----    -----      018CH    0001H
  +--> ?PR?I2CSTART?IIC
  +--> ?PR?_I2CSENDBYTE?IIC
  +--> ?PR?I2CSTOP?IIC

?PR?I2CSTART?IIC                                 -----    -----      -----    -----      -----    -----
  +--> ?PR?_DELAY?DELAY

?PR?_I2CSENDBYTE?IIC                             -----    -----      -----    -----      018DH    0002H
  +--> ?PR?_DELAY?DELAY
  +--> ?PR?I2CRECVACK?IIC

?PR?I2CRECVACK?IIC                               -----    -----      -----    -----      -----    -----
  +--> ?PR?_DELAY?DELAY

?PR?I2CSTOP?IIC                                  -----    -----      -----    -----      -----    -----
  +--> ?PR?_DELAY?DELAY

?PR?BH1750?HUANJING                              -----    -----      -----    -----      -----    -----
  +--> ?PR?_SINGLE_WRITE_BH1750?HUANJING
  +--> ?PR?_DELAYMS?DELAY
  +--> ?PR?MULTIPLE_READ_BH1750?HUANJING
  +--> ?PR?_TFT_SHOWSTRING?TFT

?PR?MULTIPLE_READ_BH1750?HUANJING                -----    -----      -----    -----      018CH    0001H
  +--> ?PR?I2CSTART?IIC
  +--> ?PR?_I2CSENDBYTE?IIC
  +--> ?PR?I2CRECVBYTE?IIC
  +--> ?PR?I2CSENDACK?IIC
  +--> ?PR?I2CSTOP?IIC
  +--> ?PR?_DELAYMS?DELAY

?PR?I2CRECVBYTE?IIC                              -----    -----      -----    -----      018DH    0002H
  +--> ?PR?_DELAY?DELAY

?PR?I2CSENDACK?IIC                               0020H.0  0000H.1    -----    -----      -----    -----
  +--> ?PR?_DELAY?DELAY

?PR?DH11GETHUMITURE?HUANJING                     -----    -----      -----    -----      018CH    0001H
  +--> ?PR?DH11START?HUANJING
  +--> ?PR?_DELAY?DELAY
  +--> ?PR?DH11RECEIVEONEBYTE?HUANJING
  +--> ?PR?DHT_IO_OUT?HUANJING

?PR?DH11START?HUANJING                           -----    -----      -----    -----      -----    -----
  +--> ?PR?DHT_IO_OUT?HUANJING
  +--> ?PR?_DELAYMS?DELAY
  +--> ?PR?DHT_IO_IN?HUANJING
  +--> ?PR?_DELAY?DELAY

BL51 BANKED LINKER/LOCATER V6.22                                                      01/09/2019  15:12:36  PAGE 14


?PR?DH11RECEIVEONEBYTE?HUANJING                  -----    -----      -----    -----      018DH    0002H
  +--> ?PR?_DELAY?DELAY

?PR?RUQBAOJTOUCH?RUQING                          0020H.0  0000H.2    -----    -----      -----    -----
  +--> ?PR?RUQINGMFRAME?RUQING
  +--> ?PR?_FMQFRAME?RUQING
  +--> ?PR?_RSDFRAME?RUQING
  +--> ?PR?RUQINGIOINIT?RUQING
  +--> ?PR?TIME0_INIT1MS?INTERRUPT
  +--> ?PR?LEDKEYINIT?LED_KEY
  +--> ?PR?TOUCH_IRQ?TOUCH
  +--> ?PR?CONVERT_POS?TOUCH
  +--> ?PR?LED3_ON?LED_KEY
  +--> ?PR?LED4_ON?LED_KEY
  +--> ?PR?LED3_OFF?LED_KEY
  +--> ?PR?LED4_OFF?LED_KEY

?PR?RUQINGMFRAME?RUQING                          -----    -----      -----    -----      -----    -----
  +--> ?PR?_TFT_CLEARAREA?TFT
  +--> ?PR?_TFT_CLEARONELINE?TFT
  +--> ?CO?RUQING
  +--> ?PR?_TFT_SHOWSTRING_W25?TXT

?PR?_FMQFRAME?RUQING                             -----    -----      -----    -----      0178H    0001H
  +--> ?PR?_TFT_CLEARAREA?TFT
  +--> ?CO?RUQING
  +--> ?PR?_TFT_SHOWSTRING_W25?TXT

?PR?_RSDFRAME?RUQING                             -----    -----      -----    -----      0178H    0001H
  +--> ?PR?_TFT_CLEARAREA?TFT
  +--> ?CO?RUQING
  +--> ?PR?_TFT_SHOWSTRING_W25?TXT

?PR?TXTTOUCH?PHONEBOOK                           -----    -----      -----    -----      -----    -----
  +--> ?PR?TXTFRAME?PHONEBOOK
  +--> ?PR?LAIDIAN?COMMUNICAT
  +--> ?PR?TOUCH_IRQ?TOUCH
  +--> ?PR?CONVERT_POS?TOUCH
  +--> ?CO?PHONEBOOK
  +--> ?PR?_STRCAT?STRCAT
  +--> ?PR?CALLNUM?COMMUNICAT

?PR?TXTFRAME?PHONEBOOK                           -----    -----      -----    -----      -----    -----
  +--> ?PR?_TFT_CLEARONELINE?TFT
  +--> ?CO?PHONEBOOK
  +--> ?PR?_TFT_SHOWSTRING?TFT
  +--> ?PR?_TFT_SHOWSTRING_W25?TXT
  +--> ?PR?_TFT_CLEARAREA?TFT



UNRESOLVED EXTERNAL SYMBOLS:
   PHONEBOOKS



SYMBOL TABLE OF MODULE:  18system_tft (?C_STARTUP)
BL51 BANKED LINKER/LOCATER V6.22                                                      01/09/2019  15:12:36  PAGE 15



  VALUE           TYPE          NAME
  ----------------------------------

  -------         MODULE        ?C_STARTUP
  C:A73DH         SEGMENT       ?C_C51STARTUP
  I:0022H         SEGMENT       ?STACK
  C:0000H         PUBLIC        ?C_STARTUP
  D:00E0H         SYMBOL        ACC
  D:00F0H         SYMBOL        B
  D:0083H         SYMBOL        DPH
  D:0082H         SYMBOL        DPL
  N:0000H         SYMBOL        IBPSTACK
  N:0100H         SYMBOL        IBPSTACKTOP
  N:0080H         SYMBOL        IDATALEN
  C:A740H         SYMBOL        IDATALOOP
  N:0000H         SYMBOL        PBPSTACK
  N:0100H         SYMBOL        PBPSTACKTOP
  N:0000H         SYMBOL        PDATALEN
  N:0000H         SYMBOL        PDATASTART
  N:0000H         SYMBOL        PPAGE
  N:0000H         SYMBOL        PPAGEENABLE
  D:00A0H         SYMBOL        PPAGE_SFR
  D:0081H         SYMBOL        SP
  C:A73DH         SYMBOL        STARTUP1
  N:0000H         SYMBOL        XBPSTACK
  N:0000H         SYMBOL        XBPSTACKTOP
  N:0000H         SYMBOL        XDATALEN
  N:0000H         SYMBOL        XDATASTART
  C:0000H         LINE#         126
  C:A73DH         LINE#         133
  C:A73FH         LINE#         134
  C:A740H         LINE#         135
  C:A741H         LINE#         136
  C:A743H         LINE#         185
  C:A746H         LINE#         196
  -------         ENDMOD        ?C_STARTUP

  -------         MODULE        MAIN
  C:0000H         SYMBOL        _ICE_DUMMY_
  D:0092H         PUBLIC        P1M0
  D:0093H         PUBLIC        P0M1
  D:0096H         PUBLIC        P2M0
  D:0091H         PUBLIC        P1M1
  D:0080H         PUBLIC        P0
  D:00B2H         PUBLIC        P3M0
  D:0095H         PUBLIC        P2M1
  D:0090H         PUBLIC        P1
  D:00B4H         PUBLIC        P4M0
  D:00B1H         PUBLIC        P3M1
  D:00A0H         PUBLIC        P2
  D:00CAH         PUBLIC        P5M0
  D:00B3H         PUBLIC        P4M1
  D:00B0H         PUBLIC        P3
  D:00CCH         PUBLIC        P6M0
  D:00C9H         PUBLIC        P5M1
  D:00C0H         PUBLIC        P4
BL51 BANKED LINKER/LOCATER V6.22                                                      01/09/2019  15:12:36  PAGE 16


  D:00E2H         PUBLIC        P7M0
  D:00CBH         PUBLIC        P6M1
  D:00C8H         PUBLIC        P5
  D:00E1H         PUBLIC        P7M1
  D:00E8H         PUBLIC        P6
  D:00F8H         PUBLIC        P7
  D:00A8H         PUBLIC        IE
  D:00B8H         PUBLIC        IP
  D:00D8H         PUBLIC        CCON
  C:B2A0H         PUBLIC        main
  D:0098H         PUBLIC        SCON
  D:0088H         PUBLIC        TCON
  B:00C0H.1       PUBLIC        P41
  D:00D0H         PUBLIC        PSW
  D:0094H         PUBLIC        P0M0
  -------         PROC          MAIN
  C:B2A0H         LINE#         11
  C:B2A0H         LINE#         12
  C:B2A0H         LINE#         13
  C:B2A5H         LINE#         14
  C:B2A9H         LINE#         15
  C:B2ADH         LINE#         16
  C:B2B1H         LINE#         17
  C:B2B5H         LINE#         18
  C:B2B9H         LINE#         19
  C:B2BDH         LINE#         20
  C:B2C1H         LINE#         21
  C:B2C3H         LINE#         23
  C:B2C6H         LINE#         24
  C:B2C9H         LINE#         25
  C:B2CCH         LINE#         26
  C:B2CFH         LINE#         28
  C:B2CFH         LINE#         29
  C:B2CFH         LINE#         30
  C:B2D2H         LINE#         31
  -------         ENDPROC       MAIN
  -------         ENDMOD        MAIN

  -------         MODULE        BIN
  C:0000H         SYMBOL        _ICE_DUMMY_
  D:0080H         PUBLIC        P0
  D:0090H         PUBLIC        P1
  D:00A0H         PUBLIC        P2
  D:00B0H         PUBLIC        P3
  D:00C0H         PUBLIC        P4
  D:00C8H         PUBLIC        P5
  D:00E8H         PUBLIC        P6
  D:00F8H         PUBLIC        P7
  D:00A8H         PUBLIC        IE
  C:7ABCH         PUBLIC        _DISP_BIN_PT_W25
  D:00B8H         PUBLIC        IP
  D:00D8H         PUBLIC        CCON
  D:0098H         PUBLIC        SCON
  D:0088H         PUBLIC        TCON
  C:7C61H         PUBLIC        _DISP_BIN_PT
  D:00D0H         PUBLIC        PSW
  -------         PROC          _DISP_BIN_PT_W25
BL51 BANKED LINKER/LOCATER V6.22                                                      01/09/2019  15:12:36  PAGE 17


  X:0178H         SYMBOL        x1
  X:017AH         SYMBOL        y1
  X:017CH         SYMBOL        width
  X:017EH         SYMBOL        height
  X:0180H         SYMBOL        tReadAddr1
  X:0184H         SYMBOL        tReadAddr2
  -------         DO            
  X:0188H         SYMBOL        tmp_Char_Model
  X:018AH         SYMBOL        total
  X:018EH         SYMBOL        i
  X:0192H         SYMBOL        x
  X:0194H         SYMBOL        y
  -------         ENDDO         
  C:7ABCH         LINE#         17
  C:7AD0H         LINE#         18
  C:7AD0H         LINE#         20
  C:7ADAH         LINE#         25
  C:7AF8H         LINE#         38
  C:7B47H         LINE#         39
  C:7B47H         LINE#         40
  C:7B7FH         LINE#         41
  C:7BA6H         LINE#         42
  C:7BB3H         LINE#         44
  C:7BC1H         LINE#         45
  C:7BE1H         LINE#         46
  C:7BE1H         LINE#         47
  C:7BEFH         LINE#         48
  C:7BF7H         LINE#         49
  C:7C1FH         LINE#         50
  C:7C1FH         LINE#         51
  C:7C3EH         LINE#         52
  C:7C60H         LINE#         58
  -------         ENDPROC       _DISP_BIN_PT_W25
  -------         PROC          _DISP_BIN_PT
  X:0178H         SYMBOL        x1
  X:017AH         SYMBOL        y1
  X:017CH         SYMBOL        width
  X:017EH         SYMBOL        height
  X:0180H         SYMBOL        tmp_Char_Model
  -------         DO            
  X:0183H         SYMBOL        len
  X:0187H         SYMBOL        i
  X:018BH         SYMBOL        x
  X:018DH         SYMBOL        y
  -------         ENDDO         
  C:7C61H         LINE#         61
  C:7C77H         LINE#         62
  C:7C77H         LINE#         63
  C:7C90H         LINE#         66
  C:7CAEH         LINE#         68
  C:7CE6H         LINE#         69
  C:7CE6H         LINE#         71
  C:7D0DH         LINE#         72
  C:7D4DH         LINE#         75
  C:7D5BH         LINE#         76
  C:7D7BH         LINE#         77
  C:7D7BH         LINE#         78
BL51 BANKED LINKER/LOCATER V6.22                                                      01/09/2019  15:12:36  PAGE 18


  C:7D89H         LINE#         79
  C:7D91H         LINE#         80
  C:7DB9H         LINE#         81
  C:7DB9H         LINE#         82
  C:7DDBH         LINE#         84
  -------         ENDPROC       _DISP_BIN_PT
  -------         ENDMOD        BIN

  -------         MODULE        DELAY
  C:0000H         SYMBOL        _ICE_DUMMY_
  C:B6D6H         PUBLIC        _delay
  C:B63FH         PUBLIC        _delayms
  -------         PROC          _DELAY
  D:0006H         SYMBOL        count
  C:B6D6H         LINE#         2
  C:B6D6H         LINE#         3
  C:B6D6H         LINE#         4
  C:B6E0H         LINE#         5
  C:B6E7H         LINE#         6
  C:B6EDH         LINE#         7
  C:B6EFH         LINE#         8
  -------         ENDPROC       _DELAY
  -------         PROC          _DELAYMS
  D:0006H         SYMBOL        count
  -------         DO            
  D:0004H         SYMBOL        i
  D:0002H         SYMBOL        j
  -------         ENDDO         
  C:B63FH         LINE#         9
  C:B63FH         LINE#         10
  C:B63FH         LINE#         12
  C:B649H         LINE#         13
  C:B65EH         LINE#         15
  -------         ENDPROC       _DELAYMS
  -------         ENDMOD        DELAY

  -------         MODULE        IIC
  C:0000H         SYMBOL        _ICE_DUMMY_
  D:0080H         PUBLIC        P0
  D:0090H         PUBLIC        P1
  B:00C0H.6       PUBLIC        I2C_SCL
  D:00B4H         PUBLIC        P4M0
  D:00A0H         PUBLIC        P2
  D:00B3H         PUBLIC        P4M1
  D:00B0H         PUBLIC        P3
  D:00C0H         PUBLIC        P4
  D:00C8H         PUBLIC        P5
  D:00E8H         PUBLIC        P6
  D:00F8H         PUBLIC        P7
  D:00A8H         PUBLIC        IE
  D:00B8H         PUBLIC        IP
  C:B7E2H         PUBLIC        I2CSendACK
  B:00D0H.7       PUBLIC        CY
  C:B61EH         PUBLIC        I2CRecvACK
  D:00D8H         PUBLIC        CCON
  D:0098H         PUBLIC        SCON
  D:0088H         PUBLIC        TCON
BL51 BANKED LINKER/LOCATER V6.22                                                      01/09/2019  15:12:36  PAGE 19


  C:000EH         PUBLIC        Init_IIC
  C:B79DH         PUBLIC        I2CStart
  C:B3D3H         PUBLIC        _I2CSendByte
  C:B838H         PUBLIC        I2CStop
  C:B042H         PUBLIC        I2CRecvByte
  B:00C0H.5       PUBLIC        I2C_SDA
  D:00D0H         PUBLIC        PSW
  -------         PROC          INIT_IIC
  C:000EH         LINE#         10
  C:000EH         LINE#         11
  C:000EH         LINE#         12
  C:0011H         LINE#         13
  C:0014H         LINE#         15
  C:0017H         LINE#         16
  C:001AH         LINE#         18
  -------         ENDPROC       INIT_IIC
  -------         PROC          I2CSTART
  C:B79DH         LINE#         23
  C:B79DH         LINE#         24
  C:B79DH         LINE#         25
  C:B79FH         LINE#         26
  C:B7A1H         LINE#         27
  C:B7A8H         LINE#         28
  C:B7AAH         LINE#         29
  C:B7B1H         LINE#         30
  C:B7B3H         LINE#         31
  -------         ENDPROC       I2CSTART
  -------         PROC          I2CSTOP
  C:B838H         LINE#         36
  C:B838H         LINE#         37
  C:B838H         LINE#         38
  C:B83AH         LINE#         39
  C:B83CH         LINE#         40
  C:B843H         LINE#         41
  C:B845H         LINE#         42
  -------         ENDPROC       I2CSTOP
  -------         PROC          I2CSENDACK
  B:0020H.0       SYMBOL        ack
  C:B7E2H         LINE#         49
  C:B7E2H         LINE#         50
  C:B7E2H         LINE#         51
  C:B7E6H         LINE#         52
  C:B7E8H         LINE#         53
  C:B7EFH         LINE#         54
  C:B7F1H         LINE#         55
  -------         ENDPROC       I2CSENDACK
  -------         PROC          I2CRECVACK
  C:B61EH         LINE#         61
  C:B61EH         LINE#         62
  C:B61EH         LINE#         63
  C:B620H         LINE#         65
  C:B623H         LINE#         66
  C:B626H         LINE#         68
  C:B62DH         LINE#         69
  C:B62FH         LINE#         70
  C:B631H         LINE#         72
  C:B634H         LINE#         73
BL51 BANKED LINKER/LOCATER V6.22                                                      01/09/2019  15:12:36  PAGE 20


  C:B637H         LINE#         75
  C:B63EH         LINE#         77
  C:B63EH         LINE#         78
  -------         ENDPROC       I2CRECVACK
  -------         PROC          _I2CSENDBYTE
  X:018DH         SYMBOL        dat
  -------         DO            
  X:018EH         SYMBOL        i
  -------         ENDDO         
  C:B3D3H         LINE#         83
  C:B3D8H         LINE#         84
  C:B3D8H         LINE#         87
  C:B3DBH         LINE#         88
  C:B3DBH         LINE#         89
  C:B3E2H         LINE#         90
  C:B3E4H         LINE#         91
  C:B3E6H         LINE#         92
  C:B3EDH         LINE#         93
  C:B3EFH         LINE#         94
  C:B3F6H         LINE#         95
  C:B402H         LINE#         96
  -------         ENDPROC       _I2CSENDBYTE
  -------         PROC          I2CRECVBYTE
  -------         DO            
  X:018DH         SYMBOL        i
  X:018EH         SYMBOL        dat
  -------         ENDDO         
  C:B042H         LINE#         102
  C:B042H         LINE#         103
  C:B042H         LINE#         105
  C:B047H         LINE#         107
  C:B04AH         LINE#         108
  C:B04DH         LINE#         110
  C:B051H         LINE#         111
  C:B051H         LINE#         112
  C:B058H         LINE#         113
  C:B05AH         LINE#         114
  C:B061H         LINE#         115
  C:B06EH         LINE#         116
  C:B070H         LINE#         117
  C:B077H         LINE#         118
  C:B083H         LINE#         120
  C:B086H         LINE#         121
  C:B089H         LINE#         122
  C:B08EH         LINE#         123
  -------         ENDPROC       I2CRECVBYTE
  -------         ENDMOD        IIC

  -------         MODULE        INTERRUPT
  C:0000H         SYMBOL        _ICE_DUMMY_
  D:0080H         PUBLIC        P0
  D:0090H         PUBLIC        P1
  D:00A0H         PUBLIC        P2
  D:00B0H         PUBLIC        P3
  D:00C0H         PUBLIC        P4
  D:00C8H         PUBLIC        P5
  B:00A8H.7       PUBLIC        EA
BL51 BANKED LINKER/LOCATER V6.22                                                      01/09/2019  15:12:36  PAGE 21


  D:00E8H         PUBLIC        P6
  D:00F8H         PUBLIC        P7
  C:B90FH         PUBLIC        Time0_Init1MS
  D:00A8H         PUBLIC        IE
  D:00B8H         PUBLIC        IP
  D:00D8H         PUBLIC        CCON
  D:0098H         PUBLIC        SCON
  D:0089H         PUBLIC        TMOD
  D:0088H         PUBLIC        TCON
  B:00C0H.2       PUBLIC        P42
  C:B91DH         PUBLIC        Time1_Init20MS
  B:00A8H.1       PUBLIC        ET0
  B:00A8H.3       PUBLIC        ET1
  D:008CH         PUBLIC        TH0
  D:008DH         PUBLIC        TH1
  D:008AH         PUBLIC        TL0
  D:008BH         PUBLIC        TL1
  C:B70AH         PUBLIC        Time1_Isr20MS
  C:B65FH         PUBLIC        Time0_IsrMS
  X:0467H         PUBLIC        CountNumber
  D:00D0H         PUBLIC        PSW
  -------         PROC          TIME0_INIT1MS
  C:B90FH         LINE#         6
  C:B90FH         LINE#         7
  C:B90FH         LINE#         8
  C:B912H         LINE#         9
  C:B915H         LINE#         10
  C:B918H         LINE#         11
  C:B91AH         LINE#         13
  C:B91CH         LINE#         14
  -------         ENDPROC       TIME0_INIT1MS
  -------         PROC          TIME1_INIT20MS
  C:B91DH         LINE#         15
  C:B91DH         LINE#         16
  C:B91DH         LINE#         17
  C:B920H         LINE#         18
  C:B923H         LINE#         19
  C:B926H         LINE#         20
  C:B928H         LINE#         22
  C:B92AH         LINE#         23
  -------         ENDPROC       TIME1_INIT20MS
  -------         PROC          TIME0_ISRMS
  C:B65FH         LINE#         28
  C:B667H         LINE#         30
  C:B66AH         LINE#         31
  C:B66DH         LINE#         32
  C:B676H         LINE#         33
  -------         ENDPROC       TIME0_ISRMS
  -------         PROC          TIME1_ISR20MS
  C:B70AH         LINE#         35
  C:B710H         LINE#         38
  C:B713H         LINE#         39
  C:B716H         LINE#         40
  C:B71CH         LINE#         42
  -------         ENDPROC       TIME1_ISR20MS
  -------         ENDMOD        INTERRUPT

BL51 BANKED LINKER/LOCATER V6.22                                                      01/09/2019  15:12:36  PAGE 22


  -------         MODULE        SPI
  C:0000H         SYMBOL        _ICE_DUMMY_
  D:0080H         PUBLIC        P0
  D:0090H         PUBLIC        P1
  D:00B4H         PUBLIC        P4M0
  D:00A0H         PUBLIC        P2
  D:00B3H         PUBLIC        P4M1
  D:00B0H         PUBLIC        P3
  D:00C0H         PUBLIC        P4
  D:00C8H         PUBLIC        P5
  D:00E8H         PUBLIC        P6
  D:00F8H         PUBLIC        P7
  D:00CEH         PUBLIC        SPCTL
  D:00A8H         PUBLIC        IE
  D:00B8H         PUBLIC        IP
  D:00D8H         PUBLIC        CCON
  D:0098H         PUBLIC        SCON
  D:0088H         PUBLIC        TCON
  B:00C0H.2       PUBLIC        NR_MISO
  B:00C0H.1       PUBLIC        NR_MOSI
  D:00CDH         PUBLIC        SPSTAT
  B:00C0H.3       PUBLIC        NR_SCK
  C:B84CH         PUBLIC        Init_SPI
  C:B6F0H         PUBLIC        _SPI_SendByte
  D:00A2H         PUBLIC        AUXR1
  D:00D0H         PUBLIC        PSW
  D:00CFH         PUBLIC        SPDAT
  -------         PROC          INIT_SPI
  C:B84CH         LINE#         9
  C:B84CH         LINE#         10
  C:B84CH         LINE#         11
  C:B84FH         LINE#         12
  C:B852H         LINE#         13
  C:B855H         LINE#         17
  C:B858H         LINE#         18
  C:B85BH         LINE#         19
  C:B85EH         LINE#         22
  -------         ENDPROC       INIT_SPI
  -------         PROC          _SPI_SENDBYTE
  D:0007H         SYMBOL        SPI_SendData
  -------         DO            
  D:0006H         SYMBOL        i
  -------         ENDDO         
  C:B6F0H         LINE#         24
  C:B6F0H         LINE#         25
  C:B6F0H         LINE#         27
  C:B6F2H         LINE#         28
  C:B6F2H         LINE#         29
  C:B6F6H         LINE#         30
  C:B6FAH         LINE#         31
  C:B6FCH         LINE#         32
  C:B702H         LINE#         33
  C:B704H         LINE#         34
  C:B709H         LINE#         36
  C:B709H         LINE#         42
  -------         ENDPROC       _SPI_SENDBYTE
  -------         ENDMOD        SPI
BL51 BANKED LINKER/LOCATER V6.22                                                      01/09/2019  15:12:36  PAGE 23



  -------         MODULE        CHUANKOU
  C:0000H         SYMBOL        _ICE_DUMMY_
  X:0292H         PUBLIC        CIDFlag1
  D:0092H         PUBLIC        P1M0
  C:A3E5H         PUBLIC        ChuankouMFrame
  D:0091H         PUBLIC        P1M1
  D:0080H         PUBLIC        P0
  D:00B2H         PUBLIC        P3M0
  D:0090H         PUBLIC        P1
  D:00B1H         PUBLIC        P3M1
  D:00A0H         PUBLIC        P2
  D:00B0H         PUBLIC        P3
  D:00C0H         PUBLIC        P4
  D:00C8H         PUBLIC        P5
  B:00A8H.7       PUBLIC        EA
  D:00E8H         PUBLIC        P6
  D:00F8H         PUBLIC        P7
  D:00A8H         PUBLIC        IE
  C:464FH         PUBLIC        peizhiTouch
  X:0293H         PUBLIC        usartNum1
  X:0294H         PUBLIC        usartNum2
  X:0295H         PUBLIC        OKFlag
  X:0296H         PUBLIC        usartNum3
  B:00A8H.4       PUBLIC        ES
  D:00B8H         PUBLIC        IP
  B:0098H.0       PUBLIC        RI
  B:0098H.1       PUBLIC        TI
  D:00D8H         PUBLIC        CCON
  X:0297H         PUBLIC        RINGFlag
  B:0021H.3       PUBLIC        cktflg1
  D:0099H         PUBLIC        SBUF
  D:0098H         PUBLIC        SCON
  D:0088H         PUBLIC        TCON
  C:B871H         PUBLIC        USART1_Init
  C:B8C4H         PUBLIC        _SendData1
  C:B85FH         PUBLIC        USART2_Init
  C:B8D3H         PUBLIC        _SendData2
  D:00AFH         PUBLIC        IE2
  D:008EH         PUBLIC        AUXR
  X:0298H         PUBLIC        CIDFlag
  D:00D6H         PUBLIC        T2H
  X:0299H         PUBLIC        GetFlag1
  X:029AH         PUBLIC        LXSZFlag
  X:029BH         PUBLIC        GetFlag2
  D:00D7H         PUBLIC        T2L
  C:78E7H         PUBLIC        Uart1_Isr
  D:009BH         PUBLIC        S2BUF
  C:B971H         PUBLIC        open1
  C:B97AH         PUBLIC        open2
  D:009AH         PUBLIC        S2CON
  C:B983H         PUBLIC        open3
  C:B98CH         PUBLIC        open4
  C:B995H         PUBLIC        open5
  X:029CH         PUBLIC        GetDataBuf1
  X:0300H         PUBLIC        CKShowXNum1
  X:0301H         PUBLIC        GetDataBuf2
BL51 BANKED LINKER/LOCATER V6.22                                                      01/09/2019  15:12:36  PAGE 24


  X:0365H         PUBLIC        CKShowXNum2
  X:0366H         PUBLIC        CKShowYNum1
  X:0367H         PUBLIC        CKShowYNum2
  X:0368H         PUBLIC        CK1Num
  X:0369H         PUBLIC        CK2Num
  C:B723H         PUBLIC        ChuankouIOInit
  X:036AH         PUBLIC        BUSY1
  X:036BH         PUBLIC        BUSY2
  C:87F2H         PUBLIC        _CHK1ButtonFrame
  C:80BBH         PUBLIC        CHK2ButtonFrame
  C:B2D4H         PUBLIC        _SendStr1
  C:B307H         PUBLIC        _SendStr2
  D:00D0H         PUBLIC        PSW
  -------         PROC          CHUANKOUIOINIT
  C:B723H         LINE#         39
  C:B723H         LINE#         40
  C:B723H         LINE#         41
  C:B726H         LINE#         42
  C:B729H         LINE#         44
  C:B72CH         LINE#         45
  C:B72FH         LINE#         47
  C:B732H         LINE#         48
  C:B735H         LINE#         50
  C:B738H         LINE#         51
  C:B73BH         LINE#         52
  -------         ENDPROC       CHUANKOUIOINIT
  -------         PROC          USART1_INIT
  C:B871H         LINE#         54
  C:B871H         LINE#         55
  C:B871H         LINE#         56
  C:B874H         LINE#         57
  C:B877H         LINE#         58
  C:B87AH         LINE#         59
  C:B87DH         LINE#         60
  C:B87FH         LINE#         61
  C:B881H         LINE#         62
  -------         ENDPROC       USART1_INIT
  -------         PROC          USART2_INIT
  C:B85FH         LINE#         63
  C:B85FH         LINE#         64
  C:B85FH         LINE#         65
  C:B862H         LINE#         66
  C:B865H         LINE#         67
  C:B868H         LINE#         68
  C:B86BH         LINE#         69
  C:B86EH         LINE#         70
  C:B870H         LINE#         71
  -------         ENDPROC       USART2_INIT
  -------         PROC          _SENDDATA1
  D:0007H         SYMBOL        dat
  C:B8C4H         LINE#         74
  C:B8C4H         LINE#         75
  C:B8C4H         LINE#         76
  C:B8CAH         LINE#         77
  C:B8CCH         LINE#         78
  C:B8D2H         LINE#         79
  -------         ENDPROC       _SENDDATA1
BL51 BANKED LINKER/LOCATER V6.22                                                      01/09/2019  15:12:36  PAGE 25


  -------         PROC          _SENDDATA2
  D:0007H         SYMBOL        dat
  C:B8D3H         LINE#         80
  C:B8D3H         LINE#         81
  C:B8D3H         LINE#         82
  C:B8D9H         LINE#         83
  C:B8DBH         LINE#         84
  C:B8E1H         LINE#         85
  -------         ENDPROC       _SENDDATA2
  -------         PROC          _SENDSTR1
  X:017BH         SYMBOL        s1
  C:B2D4H         LINE#         86
  C:B2DFH         LINE#         87
  C:B2DFH         LINE#         88
  C:B2EFH         LINE#         89
  C:B2EFH         LINE#         90
  C:B304H         LINE#         91
  C:B306H         LINE#         92
  -------         ENDPROC       _SENDSTR1
  -------         PROC          _SENDSTR2
  X:0454H         SYMBOL        s2
  C:B307H         LINE#         93
  C:B312H         LINE#         94
  C:B312H         LINE#         95
  C:B322H         LINE#         96
  C:B322H         LINE#         97
  C:B337H         LINE#         98
  C:B339H         LINE#         99
  -------         ENDPROC       _SENDSTR2
  -------         PROC          CHUANKOUMFRAME
  C:A3E5H         LINE#         101
  C:A3E5H         LINE#         102
  C:A3E5H         LINE#         103
  C:A403H         LINE#         105
  C:A420H         LINE#         106
  C:A447H         LINE#         108
  C:A466H         LINE#         109
  C:A481H         LINE#         110
  -------         ENDPROC       CHUANKOUMFRAME
  -------         PROC          _CHK1BUTTONFRAME
  X:0179H         SYMBOL        a
  C:87F2H         LINE#         116
  C:87F7H         LINE#         117
  C:87F7H         LINE#         118
  C:87FCH         LINE#         119
  C:87FCH         LINE#         120
  C:8819H         LINE#         121
  C:8839H         LINE#         122
  C:8857H         LINE#         123
  C:8881H         LINE#         124
  C:8883H         LINE#         125
  C:888FH         LINE#         126
  C:888FH         LINE#         127
  C:88ACH         LINE#         128
  C:88C8H         LINE#         129
  C:88E6H         LINE#         130
  C:8910H         LINE#         131
BL51 BANKED LINKER/LOCATER V6.22                                                      01/09/2019  15:12:36  PAGE 26


  C:8912H         LINE#         132
  C:8912H         LINE#         133
  -------         ENDPROC       _CHK1BUTTONFRAME
  -------         PROC          CHK2BUTTONFRAME
  C:80BBH         LINE#         135
  C:80BBH         LINE#         136
  C:80BBH         LINE#         137
  C:80D5H         LINE#         138
  C:80FFH         LINE#         139
  C:8119H         LINE#         140
  C:8143H         LINE#         141
  C:815DH         LINE#         142
  C:8187H         LINE#         143
  C:81A1H         LINE#         144
  C:81CBH         LINE#         145
  C:81E6H         LINE#         146
  -------         ENDPROC       CHK2BUTTONFRAME
  -------         PROC          PEIZHITOUCH
  -------         DO            
  X:0178H         SYMBOL        i
  -------         ENDDO         
  C:464FH         LINE#         149
  C:464FH         LINE#         150
  C:464FH         LINE#         152
  C:4652H         LINE#         153
  C:4655H         LINE#         154
  C:465AH         LINE#         155
  C:465DH         LINE#         156
  C:4660H         LINE#         157
  C:4663H         LINE#         158
  C:4665H         LINE#         159
  C:4665H         LINE#         160
  C:4665H         LINE#         161
  C:4668H         LINE#         162
  C:4671H         LINE#         163
  C:4671H         LINE#         164
  C:467AH         LINE#         165
  C:467AH         LINE#         166
  C:4692H         LINE#         167
  C:4692H         LINE#         168
  C:46AFH         LINE#         169
  C:46AFH         LINE#         170
  C:46B2H         LINE#         171
  C:46B2H         LINE#         172
  C:46B2H         LINE#         173
  C:46B2H         LINE#         174
  C:46CAH         LINE#         175
  C:46CAH         LINE#         176
  C:46E7H         LINE#         177
  C:46E7H         LINE#         178
  C:46E9H         LINE#         179
  C:46ECH         LINE#         180
  C:46ECH         LINE#         181
  C:46F2H         LINE#         182
  C:46F4H         LINE#         183
  C:46F6H         LINE#         185
  C:46F6H         LINE#         186
BL51 BANKED LINKER/LOCATER V6.22                                                      01/09/2019  15:12:36  PAGE 27


  C:46FCH         LINE#         187
  C:4701H         LINE#         188
  C:4701H         LINE#         190
  C:4701H         LINE#         191
  C:4704H         LINE#         192
  C:4722H         LINE#         193
  C:4722H         LINE#         194
  C:4740H         LINE#         195
  C:4740H         LINE#         196
  C:4760H         LINE#         197
  C:4766H         LINE#         198
  C:4784H         LINE#         199
  C:479EH         LINE#         200
  C:47C8H         LINE#         201
  C:47CBH         LINE#         202
  C:47CBH         LINE#         203
  C:47CEH         LINE#         204
  C:47ECH         LINE#         205
  C:47ECH         LINE#         206
  C:480AH         LINE#         207
  C:480AH         LINE#         208
  C:482AH         LINE#         209
  C:4830H         LINE#         210
  C:484EH         LINE#         211
  C:4868H         LINE#         212
  C:4892H         LINE#         213
  C:4895H         LINE#         214
  C:4895H         LINE#         215
  C:4898H         LINE#         216
  C:48B6H         LINE#         217
  C:48B6H         LINE#         218
  C:48D4H         LINE#         219
  C:48D4H         LINE#         220
  C:48F4H         LINE#         221
  C:48FAH         LINE#         222
  C:4918H         LINE#         223
  C:4932H         LINE#         224
  C:495CH         LINE#         225
  C:495FH         LINE#         226
  C:495FH         LINE#         227
  C:4962H         LINE#         228
  C:4980H         LINE#         229
  C:4980H         LINE#         230
  C:499EH         LINE#         231
  C:499EH         LINE#         232
  C:49BEH         LINE#         233
  C:49C4H         LINE#         234
  C:49E2H         LINE#         235
  C:49FCH         LINE#         236
  C:4A26H         LINE#         237
  C:4A29H         LINE#         238
  C:4A29H         LINE#         240
  C:4A29H         LINE#         241
  C:4A2CH         LINE#         242
  C:4A4AH         LINE#         243
  C:4A4AH         LINE#         244
  C:4A68H         LINE#         245
BL51 BANKED LINKER/LOCATER V6.22                                                      01/09/2019  15:12:36  PAGE 28


  C:4A68H         LINE#         246
  C:4A88H         LINE#         247
  C:4A8EH         LINE#         248
  C:4AACH         LINE#         249
  C:4AC7H         LINE#         250
  C:4AF1H         LINE#         252
  C:4AF6H         LINE#         259
  C:4B16H         LINE#         260
  C:4B1DH         LINE#         261
  C:4B20H         LINE#         262
  C:4B3EH         LINE#         263
  C:4B58H         LINE#         264
  C:4B82H         LINE#         266
  C:4BA2H         LINE#         267
  C:4BA9H         LINE#         268
  C:4BACH         LINE#         269
  C:4BCAH         LINE#         270
  C:4BE4H         LINE#         271
  C:4C0EH         LINE#         273
  C:4C2EH         LINE#         274
  C:4C35H         LINE#         275
  C:4C38H         LINE#         276
  C:4C56H         LINE#         277
  C:4C70H         LINE#         278
  C:4C9AH         LINE#         279
  C:4CA0H         LINE#         280
  C:4CA0H         LINE#         281
  C:4CA0H         LINE#         282
  C:4CA0H         LINE#         283
  C:4CA0H         LINE#         286
  C:4CB2H         LINE#         287
  C:4CB2H         LINE#         288
  C:4CB7H         LINE#         289
  C:4CCBH         LINE#         290
  C:4CCBH         LINE#         291
  C:4CDBH         LINE#         292
  C:4D40H         LINE#         293
  C:4D61H         LINE#         294
  C:4D78H         LINE#         296
  C:4D83H         LINE#         297
  C:4D83H         LINE#         298
  C:4D86H         LINE#         299
  C:4D91H         LINE#         300
  C:4DB4H         LINE#         301
  C:4DB4H         LINE#         302
  C:4DC2H         LINE#         304
  C:4DC2H         LINE#         305
  C:4DC4H         LINE#         306
  C:4DD8H         LINE#         307
  C:4DDAH         LINE#         308
  -------         ENDPROC       PEIZHITOUCH
  -------         PROC          OPEN1
  C:B971H         LINE#         311
  C:B971H         LINE#         312
  C:B971H         LINE#         313
  -------         ENDPROC       OPEN1
  -------         PROC          OPEN2
BL51 BANKED LINKER/LOCATER V6.22                                                      01/09/2019  15:12:36  PAGE 29


  C:B97AH         LINE#         317
  C:B97AH         LINE#         318
  C:B97AH         LINE#         319
  -------         ENDPROC       OPEN2
  -------         PROC          OPEN3
  C:B983H         LINE#         322
  C:B983H         LINE#         323
  C:B983H         LINE#         324
  -------         ENDPROC       OPEN3
  -------         PROC          OPEN4
  C:B98CH         LINE#         327
  C:B98CH         LINE#         328
  C:B98CH         LINE#         329
  -------         ENDPROC       OPEN4
  -------         PROC          OPEN5
  C:B995H         LINE#         333
  C:B995H         LINE#         334
  C:B995H         LINE#         335
  -------         ENDPROC       OPEN5
  -------         PROC          UART1_ISR
  -------         DO            
  D:0007H         SYMBOL        a
  -------         ENDDO         
  C:78E7H         LINE#         346
  C:78F6H         LINE#         349
  C:78FCH         LINE#         350
  C:78FCH         LINE#         351
  C:7900H         LINE#         352
  C:7911H         LINE#         353
  C:7911H         LINE#         354
  C:792FH         LINE#         355
  C:7942H         LINE#         357
  C:794DH         LINE#         358
  C:795DH         LINE#         359
  C:796DH         LINE#         360
  C:7981H         LINE#         361
  C:7986H         LINE#         363
  C:7992H         LINE#         364
  C:79A2H         LINE#         365
  C:79B2H         LINE#         366
  C:79C2H         LINE#         367
  C:79D2H         LINE#         368
  C:79E6H         LINE#         369
  C:79EBH         LINE#         370
  C:79F6H         LINE#         371
  C:79F6H         LINE#         372
  C:79FEH         LINE#         373
  C:7A03H         LINE#         374
  C:7A03H         LINE#         375
  C:7A07H         LINE#         376
  C:7A0BH         LINE#         377
  C:7A13H         LINE#         378
  C:7A1BH         LINE#         379
  C:7A23H         LINE#         380
  C:7A2BH         LINE#         381
  C:7A33H         LINE#         382
  C:7A3BH         LINE#         383
BL51 BANKED LINKER/LOCATER V6.22                                                      01/09/2019  15:12:36  PAGE 30


  C:7A43H         LINE#         384
  C:7A4BH         LINE#         385
  C:7A53H         LINE#         386
  C:7A5BH         LINE#         387
  C:7A63H         LINE#         388
  C:7A66H         LINE#         389
  C:7A6DH         LINE#         391
  C:7A6DH         LINE#         392
  C:7A6DH         LINE#         393
  C:7A80H         LINE#         394
  C:7A80H         LINE#         395
  C:7A80H         LINE#         397
  C:7A8CH         LINE#         398
  C:7AA0H         LINE#         399
  C:7AA5H         LINE#         400
  C:7AA5H         LINE#         401
  C:7AA5H         LINE#         402
  C:7AA8H         LINE#         403
  C:7AA8H         LINE#         404
  C:7AAAH         LINE#         405
  C:7AAFH         LINE#         406
  C:7AAFH         LINE#         407
  -------         ENDPROC       UART1_ISR
  -------         ENDMOD        CHUANKOU

  -------         MODULE        FLASH
  C:0000H         SYMBOL        _ICE_DUMMY_
  D:0092H         PUBLIC        P1M0
  D:0091H         PUBLIC        P1M1
  D:0080H         PUBLIC        P0
  D:0090H         PUBLIC        P1
  D:00A0H         PUBLIC        P2
  D:00CAH         PUBLIC        P5M0
  D:00B0H         PUBLIC        P3
  D:00C9H         PUBLIC        P5M1
  D:00C0H         PUBLIC        P4
  D:00C8H         PUBLIC        P5
  D:00E8H         PUBLIC        P6
  C:B7B4H         PUBLIC        SPI_FLASH_WaitForWriteEnd
  D:00F8H         PUBLIC        P7
  D:00CEH         PUBLIC        SPCTL
  C:A9D7H         PUBLIC        _Spi_PageRead
  D:00A2H         PUBLIC        P_SW1
  D:00A8H         PUBLIC        IE
  C:B9D1H         PUBLIC        Spi_Flash_init
  D:00B8H         PUBLIC        IP
  X:0428H         PUBLIC        DEVICE_ID
  C:B9C0H         PUBLIC        SpiDelay
  X:042AH         PUBLIC        t_read1
  C:B1ABH         PUBLIC        _Flash_4K_Erase
  D:00D8H         PUBLIC        CCON
  D:0098H         PUBLIC        SCON
  B:00C8H.0       PUBLIC        W25_CS
  D:0088H         PUBLIC        TCON
  C:B6AEH         PUBLIC        _SpiSendData
  B:0021H.4       PUBLIC        f_spistatus
  C:B4E4H         PUBLIC        InitSpi
BL51 BANKED LINKER/LOCATER V6.22                                                      01/09/2019  15:12:36  PAGE 31


  D:00E0H         PUBLIC        ACC
  C:B8E2H         PUBLIC        Flash_ChipErase
  C:B22DH         PUBLIC        _Flash_64K_Erase
  C:B8A4H         PUBLIC        W25Q16_ReadStatus
  C:B08FH         PUBLIC        ReadDeviceID
  D:00CDH         PUBLIC        SPSTAT
  X:042CH         PUBLIC        tgmread
  C:B967H         PUBLIC        SpiWriteEn
  X:042EH         PUBLIC        t_read
  D:00D0H         PUBLIC        PSW
  D:00CFH         PUBLIC        SPDAT
  -------         PROC          INITSPI
  C:B4E4H         LINE#         34
  C:B4E4H         LINE#         35
  C:B4E4H         LINE#         36
  C:B4E7H         LINE#         37
  C:B4EAH         LINE#         39
  C:B4EDH         LINE#         40
  C:B4F0H         LINE#         42
  C:B4F3H         LINE#         43
  C:B4F6H         LINE#         45
  C:B4F8H         LINE#         46
  C:B4FAH         LINE#         47
  C:B4FCH         LINE#         49
  C:B4FFH         LINE#         50
  C:B501H         LINE#         51
  C:B504H         LINE#         52
  C:B507H         LINE#         57
  -------         ENDPROC       INITSPI
  -------         PROC          W25Q16_READSTATUS
  -------         DO            
  D:0007H         SYMBOL        status
  -------         ENDDO         
  C:B8A4H         LINE#         61
  C:B8A4H         LINE#         62
  C:B8A4H         LINE#         63
  C:B8A5H         LINE#         64
  C:B8A7H         LINE#         65
  C:B8ACH         LINE#         66
  C:B8B1H         LINE#         67
  C:B8B3H         LINE#         68
  C:B8B3H         LINE#         69
  -------         ENDPROC       W25Q16_READSTATUS
  -------         PROC          READDEVICEID
  -------         DO            
  X:0457H         SYMBOL        DeviceID
  -------         ENDDO         
  C:B08FH         LINE#         77
  C:B08FH         LINE#         78
  C:B08FH         LINE#         79
  C:B096H         LINE#         80
  C:B09DH         LINE#         81
  C:B09FH         LINE#         83
  C:B0A4H         LINE#         85
  C:B0A9H         LINE#         86
  C:B0AEH         LINE#         87
  C:B0B3H         LINE#         89
BL51 BANKED LINKER/LOCATER V6.22                                                      01/09/2019  15:12:36  PAGE 32


  C:B0C0H         LINE#         90
  C:B0D7H         LINE#         91
  C:B0D9H         LINE#         92
  C:B0D9H         LINE#         93
  -------         ENDPROC       READDEVICEID
  C:B69FH         SYMBOL        L?0025
  C:B6AAH         SYMBOL        L?0026
  -------         PROC          L?0024
  -------         ENDPROC       L?0024
  C:B69FH         SYMBOL        L?0025
  C:B6AAH         SYMBOL        L?0026
  -------         PROC          _SPISENDDATA
  D:0007H         SYMBOL        tData
  C:B6AEH         LINE#         102
  C:B6AEH         LINE#         103
  C:B6AEH         LINE#         104
  C:B6B0H         LINE#         105
  C:B6B5H         LINE#         106
  C:B6B8H         LINE#         107
  C:B6BAH         LINE#         108
  -------         ENDPROC       _SPISENDDATA
  -------         PROC          SPI_FLASH_INIT
  C:B9D1H         LINE#         110
  C:B9D1H         LINE#         111
  C:B9D1H         LINE#         113
  -------         ENDPROC       SPI_FLASH_INIT
  -------         PROC          _FLASH_64K_ERASE
  X:0440H         SYMBOL        EraseAddr
  C:B22DH         LINE#         122
  C:B233H         LINE#         123
[...]
  X:0195H         SYMBOL        y1
  X:0197H         SYMBOL        x2
  X:0199H         SYMBOL        y2
  D:0007H         SYMBOL        flag
  -------         ENDDO         
  C:834DH         LINE#         134
  C:8358H         LINE#         135
  C:8358H         LINE#         139
  C:836FH         LINE#         140
  C:8374H         LINE#         141
  C:838BH         LINE#         142
  C:8390H         LINE#         144
  C:8426H         LINE#         146
  C:8426H         LINE#         147
  C:844FH         LINE#         148
  C:8478H         LINE#         149
  C:847BH         LINE#         150
  C:847DH         LINE#         151
  -------         ENDPROC       _READ_ADS2
  -------         PROC          _DROW_TOUCH_POINT
  X:044CH         SYMBOL        x
  X:044EH         SYMBOL        y
  C:85AEH         LINE#         173
  C:85BCH         LINE#         174
  C:85BCH         LINE#         175
  C:85EDH         LINE#         176
  C:8628H         LINE#         177
  C:8652H         LINE#         178
  C:867CH         LINE#         179
BL51 BANKED LINKER/LOCATER V6.22                                                      01/09/2019  15:12:36  PAGE 85


  C:86A6H         LINE#         180
  -------         ENDPROC       _DROW_TOUCH_POINT
  -------         PROC          CONVERT_POS
  -------         DO            
  X:018CH         SYMBOL        l
  -------         ENDDO         
  C:94B5H         LINE#         188
  C:94B5H         LINE#         189
  C:94B5H         LINE#         190
  C:94BAH         LINE#         191
  C:94D6H         LINE#         192
  C:94D6H         LINE#         193
  C:94DCH         LINE#         194
  C:9547H         LINE#         195
  C:95B2H         LINE#         196
  C:95B2H         LINE#         197
  C:95B7H         LINE#         198
  -------         ENDPROC       CONVERT_POS
  -------         PROC          TOUCH_ADJUST
  -------         DO            
  X:036CH         SYMBOL        vx1
  X:0370H         SYMBOL        vx2
  X:0374H         SYMBOL        vy1
  X:0378H         SYMBOL        vy2
  X:037CH         SYMBOL        chx1
  X:037EH         SYMBOL        chx2
  X:0380H         SYMBOL        chy1
  X:0382H         SYMBOL        chy2
  X:0384H         SYMBOL        p
  X:03A4H         SYMBOL        cnt
  -------         ENDDO         
  C:3E74H         LINE#         203
  C:3E74H         LINE#         204
  C:3E74H         LINE#         208
  C:3E74H         LINE#         210
  C:3E74H         LINE#         212
  C:3E77H         LINE#         214
  C:3E77H         LINE#         215
  C:3E77H         LINE#         216
  C:3E7AH         LINE#         217
  C:3E7AH         LINE#         219
  C:3E94H         LINE#         220
  C:3E94H         LINE#         221
  C:3EB4H         LINE#         222
  C:3ED0H         LINE#         223
  C:3ED6H         LINE#         224
  C:3ED6H         LINE#         225
  C:3EE8H         LINE#         226
  C:3EE8H         LINE#         227
  C:3EE8H         LINE#         228
  C:3EEFH         LINE#         229
  C:3EF2H         LINE#         230
  C:3EF2H         LINE#         231
  C:3EF2H         LINE#         232
  C:3EF6H         LINE#         233
  C:3EF8H         LINE#         234
  C:3EF8H         LINE#         235
BL51 BANKED LINKER/LOCATER V6.22                                                      01/09/2019  15:12:36  PAGE 86


  C:3EFFH         LINE#         236
  C:3F02H         LINE#         237
  C:3F02H         LINE#         238
  C:3F02H         LINE#         239
  C:3F06H         LINE#         240
  C:3F09H         LINE#         241
  C:3F09H         LINE#         242
  C:3F10H         LINE#         243
  C:3F13H         LINE#         244
  C:3F13H         LINE#         245
  C:3F13H         LINE#         246
  C:3F19H         LINE#         247
  C:3F1CH         LINE#         248
  C:3F1CH         LINE#         249
  C:3F23H         LINE#         250
  C:3F26H         LINE#         253
  C:3FD0H         LINE#         255
  C:4078H         LINE#         257
  C:410BH         LINE#         258
  C:41B3H         LINE#         260
  C:425DH         LINE#         261
  C:4305H         LINE#         263
  C:4398H         LINE#         264
  C:4440H         LINE#         267
  C:457EH         LINE#         268
  C:457EH         LINE#         269
  C:4583H         LINE#         270
  C:458AH         LINE#         271
  C:4595H         LINE#         272
  C:4598H         LINE#         273
  C:4598H         LINE#         274
  C:45FEH         LINE#         275
  C:4640H         LINE#         278
  C:4647H         LINE#         311
  C:464EH         LINE#         313
  C:464EH         LINE#         314
  C:464EH         LINE#         315
  C:464EH         LINE#         316
  -------         ENDPROC       TOUCH_ADJUST
  -------         ENDMOD        TOUCH

  -------         MODULE        TXT
  C:0000H         SYMBOL        _ICE_DUMMY_
  D:0080H         PUBLIC        P0
  D:0090H         PUBLIC        P1
  D:00A0H         PUBLIC        P2
  D:00B0H         PUBLIC        P3
  D:00C0H         PUBLIC        P4
  D:00C8H         PUBLIC        P5
  D:00E8H         PUBLIC        P6
  D:00F8H         PUBLIC        P7
  C:4DDDH         PUBLIC        _TFT_ShowString_W25
  D:00A8H         PUBLIC        IE
  D:00B8H         PUBLIC        IP
  D:00D8H         PUBLIC        CCON
  C:7DDCH         PUBLIC        _TFT_ShowWord_W25
  D:0098H         PUBLIC        SCON
BL51 BANKED LINKER/LOCATER V6.22                                                      01/09/2019  15:12:36  PAGE 87


  D:0088H         PUBLIC        TCON
  C:A264H         SYMBOL        _?ix1000
  C:A266H         SYMBOL        _?ix1001
  C:A2E7H         SYMBOL        _?ix1002
  D:00D0H         PUBLIC        PSW
  -------         PROC          _TFT_SHOWWORD_W25
  X:0273H         SYMBOL        x
  X:0275H         SYMBOL        y
  X:0277H         SYMBOL        size_x
  X:0279H         SYMBOL        size_y
  X:027BH         SYMBOL        Disp_char
  X:027EH         SYMBOL        PColor
  X:0280H         SYMBOL        BColor
  -------         DO            
  X:0282H         SYMBOL        i
  X:0284H         SYMBOL        j
  X:0286H         SYMBOL        xCount
  X:0288H         SYMBOL        pxSize
  -------         ENDDO         
  C:7DDCH         LINE#         12
  C:7DF2H         LINE#         13
  C:7DF2H         LINE#         14
  C:7DF9H         LINE#         16
  C:7E45H         LINE#         17
  C:7E7FH         LINE#         19
  C:7E9EH         LINE#         20
  C:7E9EH         LINE#         21
  C:7EA5H         LINE#         22
  C:7EA5H         LINE#         23
  C:7ED6H         LINE#         24
  C:7ED6H         LINE#         26
  C:7ED9H         LINE#         27
  C:7EDBH         LINE#         29
  C:7EDBH         LINE#         30
  C:7EE6H         LINE#         31
  C:7EE6H         LINE#         32
  C:7EF4H         LINE#         33
  C:7F13H         LINE#         34
  C:7F33H         LINE#         35
  C:7F3DH         LINE#         36
  C:7F4EH         LINE#         37
  -------         ENDPROC       _TFT_SHOWWORD_W25
  -------         PROC          _TFT_SHOWSTRING_W25
  X:018CH         SYMBOL        x
  X:018EH         SYMBOL        y
  X:0190H         SYMBOL        size
  X:0192H         SYMBOL        ptr
  X:0195H         SYMBOL        PenColor
  X:0197H         SYMBOL        BackColor
  -------         DO            
  X:0199H         SYMBOL        i
  X:019AH         SYMBOL        val
  X:019BH         SYMBOL        temp
  X:019DH         SYMBOL        xlen
  X:019FH         SYMBOL        ylen
  X:01A1H         SYMBOL        max_ylen
  X:01A3H         SYMBOL        max_xlen
BL51 BANKED LINKER/LOCATER V6.22                                                      01/09/2019  15:12:36  PAGE 88


  X:01A5H         SYMBOL        pxSize
  X:01A9H         SYMBOL        px
  X:01ADH         SYMBOL        position
  X:01B1H         SYMBOL        p
  X:0232H         SYMBOL        p0
  -------         ENDDO         
  C:4DDDH         LINE#         41
  C:4DF1H         LINE#         42
  C:4DF1H         LINE#         43
  C:4DF6H         LINE#         45
  C:4E08H         LINE#         50
  C:4E12H         LINE#         51
  C:4E1CH         LINE#         52
  C:4E2FH         LINE#         53
  C:4E42H         LINE#         55
  C:4E5BH         LINE#         56
  C:4E6DH         LINE#         57
  C:4E86H         LINE#         59
  C:4E99H         LINE#         62
  C:4EB9H         LINE#         63
  C:4ED9H         LINE#         65
  C:4EFCH         LINE#         66
  C:4EFCH         LINE#         67
  C:4F17H         LINE#         68
  C:4F23H         LINE#         70
  C:4F55H         LINE#         71
  C:4F83H         LINE#         74
  C:4F8FH         LINE#         75
  C:4F8FH         LINE#         76
  C:4FFBH         LINE#         77
  C:501BH         LINE#         78
  C:5049H         LINE#         79
  C:5076H         LINE#         80
  C:50A3H         LINE#         81
  C:5101H         LINE#         82
  C:51AFH         LINE#         83
  C:51B2H         LINE#         85
  C:51B2H         LINE#         86
  C:51D2H         LINE#         87
  C:51D2H         LINE#         88
  C:5277H         LINE#         89
  C:527DH         LINE#         90
  C:5283H         LINE#         91
  C:5286H         LINE#         93
  C:5286H         LINE#         95
  C:52F2H         LINE#         96
  C:52FBH         LINE#         97
  C:5331H         LINE#         98
  C:533DH         LINE#         99
  C:538DH         LINE#         102
  C:53BBH         LINE#         103
  C:53E8H         LINE#         104
  C:5415H         LINE#         105
  C:5473H         LINE#         107
  C:550AH         LINE#         108
  C:5510H         LINE#         109
  C:5510H         LINE#         110
BL51 BANKED LINKER/LOCATER V6.22                                                      01/09/2019  15:12:36  PAGE 89


  C:5510H         LINE#         111
  C:5519H         LINE#         112
  C:5524H         LINE#         113
  C:5534H         LINE#         114
  -------         ENDPROC       _TFT_SHOWSTRING_W25
  -------         ENDMOD        TXT

  -------         MODULE        ?C?FPADD
  C:2A8DH         PUBLIC        ?C?FPADD
  C:2A89H         PUBLIC        ?C?FPSUB
  -------         ENDMOD        ?C?FPADD

  -------         MODULE        ?C?FPMUL
  C:2B7EH         PUBLIC        ?C?FPMUL
  -------         ENDMOD        ?C?FPMUL

  -------         MODULE        ?C?FPDIV
  C:2C87H         PUBLIC        ?C?FPDIV
  -------         ENDMOD        ?C?FPDIV

  -------         MODULE        ?C?FPCMP
  C:2D26H         PUBLIC        ?C?FPCMP
  C:2D24H         PUBLIC        ?C?FPCMP3
  -------         ENDMOD        ?C?FPCMP

  -------         MODULE        ?C?FCAST
  C:2DA7H         PUBLIC        ?C?FCASTC
  C:2DA2H         PUBLIC        ?C?FCASTI
  C:2D9DH         PUBLIC        ?C?FCASTL
  -------         ENDMOD        ?C?FCAST

  -------         MODULE        ?C?CASTF
  C:2DDBH         PUBLIC        ?C?CASTF
  -------         ENDMOD        ?C?CASTF

  -------         MODULE        PRINTF
  X:017FH         PUBLIC        ?_PRINTF?BYTE
  X:017FH         PUBLIC        ?_SPRINTF?BYTE
  C:55A0H         PUBLIC        _PRINTF
  C:559AH         PUBLIC        _SPRINTF
  -------         ENDMOD        PRINTF

  -------         MODULE        ATAN2
  X:0438H         PUBLIC        ?_atan2?BYTE
  C:A6A0H         PUBLIC        _atan2
  -------         ENDMOD        ATAN2

  -------         MODULE        ?C?FPROUND
  C:2E5CH         PUBLIC        ?C?FPROUND
  -------         ENDMOD        ?C?FPROUND

  -------         MODULE        ?C?FPCONVERT
  C:2E99H         PUBLIC        ?C?FPCONVERT
  -------         ENDMOD        ?C?FPCONVERT

  -------         MODULE        ATAN
  C:86F0H         PUBLIC        _ATAN
BL51 BANKED LINKER/LOCATER V6.22                                                      01/09/2019  15:12:36  PAGE 90


  -------         ENDMOD        ATAN

  -------         MODULE        ?C?FTNPWR
  C:2FCEH         PUBLIC        ?C?FTNPWR
  -------         ENDMOD        ?C?FTNPWR

  -------         MODULE        ?C?COPY
  C:312BH         PUBLIC        ?C?COPY
  -------         ENDMOD        ?C?COPY

  -------         MODULE        ?C?CLDPTR
  C:3151H         PUBLIC        ?C?CLDPTR
  -------         ENDMOD        ?C?CLDPTR

  -------         MODULE        ?C?CLDOPTR
  C:316AH         PUBLIC        ?C?CLDOPTR
  -------         ENDMOD        ?C?CLDOPTR

  -------         MODULE        ?C?CSTPTR
  C:3197H         PUBLIC        ?C?CSTPTR
  -------         ENDMOD        ?C?CSTPTR

  -------         MODULE        ?C?IMUL
  C:31A9H         PUBLIC        ?C?IMUL
  -------         ENDMOD        ?C?IMUL

  -------         MODULE        ?C?UIDIV
  C:31BBH         PUBLIC        ?C?UIDIV
  -------         ENDMOD        ?C?UIDIV

  -------         MODULE        ?C?SIDIV
  C:3210H         PUBLIC        ?C?SIDIV
  -------         ENDMOD        ?C?SIDIV

  -------         MODULE        ?C?IILDX
  C:3246H         PUBLIC        ?C?IILDX
  -------         ENDMOD        ?C?IILDX

  -------         MODULE        ?C?ILDIX
  C:325CH         PUBLIC        ?C?ILDIX
  -------         ENDMOD        ?C?ILDIX

  -------         MODULE        ?C?ISTPTR
  C:3272H         PUBLIC        ?C?ISTPTR
  -------         ENDMOD        ?C?ISTPTR

  -------         MODULE        ?C?LMUL
  C:3291H         PUBLIC        ?C?LMUL
  -------         ENDMOD        ?C?LMUL

  -------         MODULE        ?C?ULDIV
  C:331CH         PUBLIC        ?C?ULDIV
  -------         ENDMOD        ?C?ULDIV

  -------         MODULE        ?C?LNEG
  C:33AEH         PUBLIC        ?C?LNEG
  -------         ENDMOD        ?C?LNEG
BL51 BANKED LINKER/LOCATER V6.22                                                      01/09/2019  15:12:36  PAGE 91



  -------         MODULE        ?C?ULCMP
  C:33BCH         PUBLIC        ?C?ULCMP
  -------         ENDMOD        ?C?ULCMP

  -------         MODULE        ?C?ULSHR
  C:33CDH         PUBLIC        ?C?ULSHR
  -------         ENDMOD        ?C?ULSHR

  -------         MODULE        ?C?LLDCODE
  C:33E0H         PUBLIC        ?C?LLDCODE
  -------         ENDMOD        ?C?LLDCODE

  -------         MODULE        ?C?LLDXDATA0
  C:33F0H         PUBLIC        ?C?LLDXDATA0
  -------         ENDMOD        ?C?LLDXDATA0

  -------         MODULE        ?C?LLDCODE0
  C:33FCH         PUBLIC        ?C?LLDCODE0
  -------         ENDMOD        ?C?LLDCODE0

  -------         MODULE        ?C?LSTXDATA
  C:340CH         PUBLIC        ?C?LSTXDATA
  -------         ENDMOD        ?C?LSTXDATA

  -------         MODULE        ?C?LSTKXDATA
  C:3418H         PUBLIC        ?C?LSTKXDATA
  -------         ENDMOD        ?C?LSTKXDATA

  -------         MODULE        ?C?PLDIXDATA
  C:3449H         PUBLIC        ?C?PLDIXDATA
  -------         ENDMOD        ?C?PLDIXDATA

  -------         MODULE        ?C?PSTXDATA
  C:3460H         PUBLIC        ?C?PSTXDATA
  -------         ENDMOD        ?C?PSTXDATA

  -------         MODULE        ?C?CCASE
  C:3469H         PUBLIC        ?C?CCASE
  -------         ENDMOD        ?C?CCASE

  -------         MODULE        ?C?LIMUL
  C:348FH         PUBLIC        ?C?LIMUL
  -------         ENDMOD        ?C?LIMUL

  -------         MODULE        PUTCHAR
  C:B4BDH         PUBLIC        _PUTCHAR
  -------         ENDMOD        PUTCHAR

  -------         MODULE        STRCAT
  X:0178H         PUBLIC        ?_strcat?BYTE
  C:ABAEH         PUBLIC        _strcat
  -------         ENDMOD        STRCAT

  -------         MODULE        ?C?STRCPY
  C:3588H         PUBLIC        ?C?STRCPY
  -------         ENDMOD        ?C?STRCPY
BL51 BANKED LINKER/LOCATER V6.22                                                      01/09/2019  15:12:36  PAGE 92



  -------         MODULE        STRLEN
  C:B823H         PUBLIC        _STRLEN
  -------         ENDMOD        STRLEN

  -------         MODULE        ?C?MEMSET
  C:35A5H         PUBLIC        ?C?MEMSET
  -------         ENDMOD        ?C?MEMSET

*** WARNING L13: RECURSIVE CALL TO SEGMENT
    SEGMENT: ?PR?MAINTOUCH?TOUCH_MAIN
    CALLER:  ?PR?PEIZHITOUCH?CHUANKOU

*** WARNING L16: UNCALLED SEGMENT, IGNORED FOR OVERLAY PROCESS
    SEGMENT: ?PR?INIT_SPI?SPI

*** WARNING L16: UNCALLED SEGMENT, IGNORED FOR OVERLAY PROCESS
    SEGMENT: ?PR?_SPI_SENDBYTE?SPI

*** WARNING L16: UNCALLED SEGMENT, IGNORED FOR OVERLAY PROCESS
    SEGMENT: ?PR?_SENDSTR2?CHUANKOU

*** WARNING L16: UNCALLED SEGMENT, IGNORED FOR OVERLAY PROCESS
    SEGMENT: ?PR?OPEN1?CHUANKOU

*** WARNING L16: UNCALLED SEGMENT, IGNORED FOR OVERLAY PROCESS
    SEGMENT: ?PR?READDEVICEID?FLASH

*** WARNING L16: UNCALLED SEGMENT, IGNORED FOR OVERLAY PROCESS
    SEGMENT: ?PR?SPI_FLASH_INIT?FLASH

*** WARNING L16: UNCALLED SEGMENT, IGNORED FOR OVERLAY PROCESS
    SEGMENT: ?PR?_FLASH_64K_ERASE?FLASH

*** WARNING L16: UNCALLED SEGMENT, IGNORED FOR OVERLAY PROCESS
    SEGMENT: ?PR?_FLASH_4K_ERASE?FLASH

*** WARNING L16: UNCALLED SEGMENT, IGNORED FOR OVERLAY PROCESS
    SEGMENT: ?PR?SPIDELAY?FLASH

*** WARNING L16: UNCALLED SEGMENT, IGNORED FOR OVERLAY PROCESS
    SEGMENT: ?PR?KEYTEST?LED_KEY

*** WARNING L16: UNCALLED SEGMENT, IGNORED FOR OVERLAY PROCESS
    SEGMENT: ?PR?BEEP_ON?RUQING

*** WARNING L16: UNCALLED SEGMENT, IGNORED FOR OVERLAY PROCESS
    SEGMENT: ?PR?BEEP_OFF?RUQING

*** WARNING L16: UNCALLED SEGMENT, IGNORED FOR OVERLAY PROCESS
    SEGMENT: ?PR?JD1ON?YAOKONG

*** WARNING L16: UNCALLED SEGMENT, IGNORED FOR OVERLAY PROCESS
    SEGMENT: ?PR?JD2ON?YAOKONG

*** WARNING L16: UNCALLED SEGMENT, IGNORED FOR OVERLAY PROCESS
    SEGMENT: ?PR?JD1OFF?YAOKONG
BL51 BANKED LINKER/LOCATER V6.22                                                      01/09/2019  15:12:36  PAGE 93



*** WARNING L16: UNCALLED SEGMENT, IGNORED FOR OVERLAY PROCESS
    SEGMENT: ?PR?JD2OFF?YAOKONG

*** WARNING L16: UNCALLED SEGMENT, IGNORED FOR OVERLAY PROCESS
    SEGMENT: ?PR?DONGTJIANCTOUCH?DONGTAI

*** WARNING L16: UNCALLED SEGMENT, IGNORED FOR OVERLAY PROCESS
    SEGMENT: ?PR?_SINGLE_READ_HMC5883?CICHANG_HMC5883

*** WARNING L16: UNCALLED SEGMENT, IGNORED FOR OVERLAY PROCESS
    SEGMENT: ?PR?INIT_HMC5883?CICHANG_HMC5883

*** WARNING L16: UNCALLED SEGMENT, IGNORED FOR OVERLAY PROCESS
    SEGMENT: ?PR?HMC5883CONVERT?CICHANG_HMC5883

*** WARNING L16: UNCALLED SEGMENT, IGNORED FOR OVERLAY PROCESS
    SEGMENT: ?PR?MULTIPLE_READ_L3G4200?JIAOSU_L3G4200

*** WARNING L16: UNCALLED SEGMENT, IGNORED FOR OVERLAY PROCESS
    SEGMENT: ?PR?INIT_L3G4200?JIAOSU_L3G4200

*** WARNING L16: UNCALLED SEGMENT, IGNORED FOR OVERLAY PROCESS
    SEGMENT: ?PR?DISP_L3G4200_TEMP?JIAOSU_L3G4200

*** WARNING L16: UNCALLED SEGMENT, IGNORED FOR OVERLAY PROCESS
    SEGMENT: ?PR?L3G4200CONVERT?JIAOSU_L3G4200

*** WARNING L16: UNCALLED SEGMENT, IGNORED FOR OVERLAY PROCESS
    SEGMENT: ?PR?_SINGLE_READ_ADXL345?JIASUDU_ADXL345

*** WARNING L16: UNCALLED SEGMENT, IGNORED FOR OVERLAY PROCESS
    SEGMENT: ?PR?INIT_ADXL345?JIASUDU_ADXL345

*** WARNING L16: UNCALLED SEGMENT, IGNORED FOR OVERLAY PROCESS
    SEGMENT: ?PR?ADXL345CONVERT?JIASUDU_ADXL345

*** WARNING L16: UNCALLED SEGMENT, IGNORED FOR OVERLAY PROCESS
    SEGMENT: ?PR?_TFT_WR_REG_DATA?TFT

*** WARNING L16: UNCALLED SEGMENT, IGNORED FOR OVERLAY PROCESS
    SEGMENT: ?CO?TFT

*** WARNING L16: UNCALLED SEGMENT, IGNORED FOR OVERLAY PROCESS
    SEGMENT: ?PR?TOUCH_ADJUST?TOUCH

*** WARNING L1: UNRESOLVED EXTERNAL SYMBOL
    SYMBOL:  PHONEBOOKS
    MODULE:  .\touch_main.obj (TOUCH_MAIN)

*** WARNING L2: REFERENCE MADE TO UNRESOLVED EXTERNAL
    SYMBOL:  PHONEBOOKS
    MODULE:  .\touch_main.obj (TOUCH_MAIN)
    ADDRESS: 65D1H

*** WARNING L2: REFERENCE MADE TO UNRESOLVED EXTERNAL
    SYMBOL:  PHONEBOOKS
BL51 BANKED LINKER/LOCATER V6.22                                                      01/09/2019  15:12:36  PAGE 94


    MODULE:  .\touch_main.obj (TOUCH_MAIN)
    ADDRESS: 65D5H

Program Size: data=15.5 xdata=1137 code=47601
LINK/LOCATE RUN COMPLETE.  34 WARNING(S),  0 ERROR(S)
