C51 COMPILER V9.54   INTERRUPT                                                             01/09/2019 15:02:03 PAGE 1   


C51 COMPILER V9.54, COMPILATION OF MODULE INTERRUPT
OBJECT MODULE PLACED IN .\interrupt.obj
COMPILER INVOKED BY: D:\Program Files (x86)\keil\C51\BIN\C51.EXE ..\system\interrupt\interrupt.c LARGE OPTIMIZE(8,SPEED)
                    - BROWSE INCDIR(..\hardware\chuankou;..\hardware\dongtai;..\hardware\flash;..\hardware\huanjing;..\hardware\led_key;..\ha
                    -rdware\paint;..\hardware\ruqing;..\hardware\touch_main;..\hardware\yaokong;..\hardware\zitai;..\main;..\system\bin;..\sy
                    -stem\delay;..\system\iic;..\system\interrupt;..\system\spi;..\system\stc;..\tft_touch_sd\font;..\tft_touch_sd\touch;..\t
                    -ft_touch_sd\tft;..\tft_touch_sd\txt;..\hardware\peizhi;..\hardware\communicat;..\hardware\phonebook) DEBUG OBJECTEXTEND 
                    -PRINT(.\interrupt.lst) TABS(2) OBJECT(.\interrupt.obj)

line level    source

   1          #include "STC15F2K60S2.h"
   2          #include "interrupt.h"
   3          volatile unsigned char CountNumber;
   4          
   5          extern unsigned char BEEPON;
   6          void Time0_Init1MS(void) // T0,T1计数器默认为12分频（33.1776MCPU）即0.3617us  在AUXR寄存器高2为配置  
   7          {
   8   1         TMOD |= 0X01;    //MODEL1 16位定时计数器 ,计数器计满溢出时间23.7ms
   9   1         TL0=(65536-2764)%256;
  10   1         TH0=(65536-2764)/256;   //定时时长2764*0.3617us=20ms;  定时1s需要CountNumber=50次
  11   1         ET0 =1;          //使能t1中断
  12   1           //TR0=1;
  13   1         EA=1;
  14   1      }
  15          void Time1_Init20MS(void) // T0,T1计数器默认为12分频（33.1776MCPU）即0.3617us  在AUXR寄存器高2为配置  
  16          {
  17   1         TMOD |= 0X10;    //MODEL1 16位定时计数器 ,计数器计满溢出时间23.7ms
  18   1         TL1=(65536-55296)%256;
  19   1           TH1=(65536-55296)/256;   //初始值10240,定时时长55296*0.3617us=20ms;  定时1s需要CountNumber=50次
  20   1         ET1 =1;          //使能t1中断
  21   1           //TR1=1;
  22   1         EA=1;
  23   1      }
  24          
  25          
  26          
  27          /***********************************************************************/
  28          void Time0_IsrMS() interrupt 1     //定时20ms,详见Time1_Init()
  29          {
  30   1        TL0=(65536-2764)%256;
  31   1        TH0=(65536-2764)/256; 
  32   1        if(BEEPON==1)   P42=~P42;
  33   1      } 
  34          /***********************************************************************/
  35          void Time1_Isr20MS() interrupt 3     //定时20ms,详见Time1_Init()
  36          {
  37   1      //  TR1=0;
  38   1        TL1=15536%256;
  39   1        TH1=15536/256; 
  40   1        CountNumber++; 
  41   1       //   TR1=1;
  42   1      }


MODULE INFORMATION:   STATIC OVERLAYABLE
   CODE SIZE        =     85    ----
   CONSTANT SIZE    =   ----    ----
   XDATA SIZE       =      1    ----
   PDATA SIZE       =   ----    ----
   DATA SIZE        =   ----    ----
C51 COMPILER V9.54   INTERRUPT                                                             01/09/2019 15:02:03 PAGE 2   

   IDATA SIZE       =   ----    ----
   BIT SIZE         =   ----    ----
END OF MODULE INFORMATION.


C51 COMPILATION COMPLETE.  0 WARNING(S),  0 ERROR(S)
